Microchip MPLAB XC8 Compiler V1.37 ()

Linker command line:

-W-3 --edf=C:\Program Files (x86)\Microchip\xc8\v1.37\dat\en_msgs.txt -cs \
  -h+dist/Todd/debug\Expanse.X.debug.sym \
  --cmf=dist/Todd/debug\Expanse.X.debug.cmf -z -Q16F1527 \
  -oC:\Users\Nancy\AppData\Local\Temp\sbeg.2 \
  -Mdist/Todd/debug/Expanse.X.debug.map -E1 -ver=XC8 -ASTACK=023AAh-023f1h \
  -pstack=STACK -ACODE=00h-07FFhx8 -ASTRCODE=00h-03FFFh \
  -ASTRING=00h-0FFhx64 -ACONST=00h-0FFhx64 -AENTRY=00h-0FFhx64 \
  -ACOMMON=070h-07Fh -ABANK0=020h-06Fh -ABANK1=0A0h-0EFh \
  -ABANK2=0120h-016Fh -ABANK3=01A0h-01EFh -ABANK4=0220h-026Fh \
  -ABANK5=02A0h-02EFh -ABANK6=0320h-036Fh -ABANK7=03A0h-03EFh \
  -ABANK8=0420h-046Fh -ABANK9=04A0h-04EFh -ABANK10=0520h-056Fh \
  -ABANK11=05A0h-05EFh -ABANK12=0620h-066Fh -ABANK13=06A0h-06EFh \
  -ABANK14=0720h-076Fh -ABANK15=07A0h-07EFh -ABANK16=0820h-086Fh \
  -ABANK17=08A0h-08EFh -ABANK18=0920h-096Fh -ABIGRAM=02000h-025EFh \
  -ARAM=020h-06Fh,0A0h-0EFh,0120h-016Fh,01A0h-01EFh,0220h-026Fh,02A0h-02EFh,0320h-036Fh,03A0h-03EFh,0420h-046Fh,04A0h-04EFh,0520h-056Fh,05A0h-05EFh,0620h-066Fh,06A0h-06EFh,0720h-076Fh,07A0h-07EFh,0820h-086Fh,08A0h-08EFh,0920h-096Fh \
  -AABS1=020h-07Fh,0A0h-0EFh,0120h-016Fh,01A0h-01EFh,0220h-026Fh,02A0h-02EFh,0320h-036Fh,03A0h-03EFh,0420h-046Fh,04A0h-04EFh,0520h-056Fh,05A0h-05EFh,0620h-066Fh,06A0h-06EFh,0720h-076Fh,07A0h-07EFh,0820h-086Fh,08A0h-08EFh,0920h-096Fh \
  -ASFR0=00h-01Fh -ASFR1=080h-09Fh -ASFR2=0100h-011Fh -ASFR3=0180h-019Fh \
  -ASFR4=0200h-021Fh -ASFR5=0280h-029Fh -ASFR6=0300h-031Fh \
  -ASFR7=0380h-039Fh -ASFR8=0400h-041Fh -ASFR9=0480h-049Fh \
  -ASFR10=0500h-051Fh -ASFR11=0580h-059Fh -ASFR12=0600h-061Fh \
  -ASFR13=0680h-069Fh -ASFR14=0700h-071Fh -ASFR15=0780h-079Fh \
  -ASFR16=0800h-081Fh -ASFR17=0880h-089Fh -ASFR18=0900h-091Fh \
  -ASFR19=0980h-09EFh -ASFR20=0A00h-0A6Fh -ASFR21=0A80h-0AEFh \
  -ASFR22=0B00h-0B6Fh -ASFR23=0B80h-0BEFh -ASFR24=0C00h-0C6Fh \
  -ASFR25=0C80h-0CEFh -ASFR26=0D00h-0D6Fh -ASFR27=0D80h-0DEFh \
  -ASFR28=0E00h-0E6Fh -ASFR29=0E80h-0EEFh -ASFR30=0F00h-0F6Fh \
  -ASFR31=0F80h-0FEFh -preset_vec=00h,intentry=04h,init,end_init \
  -ppowerup=CODE -pcinit=CODE -pfunctab=CODE -ACONFIG=08007h-08008h \
  -pconfig=CONFIG -DCONFIG=2 -AIDLOC=08000h-08003h -pidloc=IDLOC -DIDLOC=2 \
  -DCODE=2 -DSTRCODE=2 -DSTRING=2 -DCONST=2 -DENTRY=2 -k \
  C:\Users\Nancy\AppData\Local\Temp\sbeg.obj \
  dist/Todd/debug\Expanse.X.debug.obj 

Object code version is 3.11

Machine type is 16F1527



                Name                               Link     Load   Length Selector   Space Scale
C:\Users\Nancy\AppData\Local\Temp\sbeg.obj
                end_init                            15E      15E        2        8       0
                reset_vec                             0        0        3        0       0
                config                             8007     8007        2    1000E       0
dist/Todd/debug\Expanse.X.debug.obj
                cinit                               160      160       C2        8       0
                intentry                              4        4      15A        8       0
                maintext_split_2                    913      913      6ED     1226       0
                maintext_split_1                    222      222      2D9        8       0
                text39                             1E7F     1E7F       59     3CFE       0
                text37                             1940     1940        4     3280       0
                text36                             19BC     19BC       20     3378       0
                text35                             19DC     19DC       20     33B8       0
                text34                             1045     1045       6B     208A       0
                text33                             1000     1000       45     1226       0
                text32                             195D     195D        A     32BA       0
                text31                             1944     1944        7     3288       0
                text30                             194B     194B        9     3296       0
                text29                             1CB4     1CB4       41     3968       0
                text28                             1A4C     1A4C       30     3498       0
                text27                             1DDB     1DDB       52     3BB6       0
                text26                             19A3     19A3       19     3346       0
                text25                             1F9B     1F9B       65     3F36       0
                text24                              81D      81D       F6     103A       0
                text23                             122A     122A       A9     2454       0
                text22                             1384     1384       B4     2708       0
                text21                             1954     1954        9     32A8       0
                text20                             1438     1438       B9     2870       0
                text19                             1121     1121       82     2242       0
                text18                              801      801       1C     1002       0
                text17                             1C76     1C76       3E     38EC       0
                text16                             1C39     1C39       3D     3872       0
                text15                             11A3     11A3       87     2346       0
                text14                             1ADD     1ADD       36     35BA       0
                text13                             1E2D     1E2D       52     3C5A       0
                text12                             10B0     10B0       71     2160       0
                text11                             1CF5     1CF5       46     39EA       0
                text10                             1F38     1F38       63     3E70       0
                text9                              19FC     19FC       22     33F8       0
                text8                               6F9      6F9      103        8       0
                text7                              1A1E     1A1E       2E     343C       0
                text6                              1ED8     1ED8       60     3DB0       0
                text5                              1BC1     1BC1       3C     3782       0
                text4                              12D3     12D3       B1     25A6       0
                text3                              1623     1623      1DD     2C46       0
                text2                              1A7C     1A7C       30     34F8       0
                text1                              1AAC     1AAC       31     3558       0
                maintext                           14F1     14F1      132     29E2       0
                cstackBANK0                          20       20       4F       20       1
                cstackCOMMON                         70       70        9       70       1
                cstackBANK1                          A0       A0       4D       A0       1
                cstackBANK2                         120      120       25      120       1
                inittext                           1967     1967        C     32CE       0
                clrtext                            1973     1973        C     32E6       0
                dataBANK11                          5A0      5A0       3A      5A0       1
                dataBANK10                          520      520       3A      520       1
                dataBANK9                           4A0      4A0       50      4A0       1
                dataBANK8                           420      420       50      420       1
                dataBANK7                           3A0      3A0       3A      3A0       1
                bssBANK6                            320      320       40      320       1
                dataBANK5                           2A0      2A0       3C      2A0       1
                dataBANK4                           250      250        4      220       1
                bssBANK4                            220      220       30      220       1
                dataBANK3                           1DC      1DC       12      1A0       1
                bssBANK3                            1A0      1A0       3C      1A0       1
                dataBANK2                           15D      15D       12      120       1
                bssBANK2                            145      145       18      120       1
                bssBANK1                             ED       ED        2       A0       1
                bssCOMMON                            79       79        4       70       1
                stringtext                         2000     2000       1B     4000       0
                idataBIGRAM                         4FB      4FB      1FE        8       0
                idataBANK11                        1B13     1B13       3A     3626       0
                idataBANK10                        1B4D     1B4D       3A     369A       0
                idataBANK9                         1D3B     1D3B       50     3A76       0
                idataBANK8                         1D8B     1D8B       50     3B16       0
                idataBANK7                         1B87     1B87       3A     370E       0
                idataBANK5                         1BFD     1BFD       3C     37FA       0
                idataBANK4                          7FC      7FC        4        8       0
                idataBANK3                         197F     197F       12     32FE       0
                idataBANK2                         1991     1991       12     3322       0

TOTAL           Name                               Link     Load   Length     Space
        CLASS   STACK          

        CLASS   CODE           
                end_init                            15E      15E        2         0
                cinit                               160      160       C2         0
                intentry                              4        4      15A         0
                reset_vec                             0        0        3         0
                maintext_split_2                    913      913      6ED         0
                maintext_split_1                    222      222      2D9         0
                text39                             1E7F     1E7F       59         0
                text37                             1940     1940        4         0
                text36                             19BC     19BC       20         0
                text35                             19DC     19DC       20         0
                text34                             1045     1045       6B         0
                text33                             1000     1000       45         0
                text32                             195D     195D        A         0
                text31                             1944     1944        7         0
                text30                             194B     194B        9         0
                text29                             1CB4     1CB4       41         0
                text28                             1A4C     1A4C       30         0
                text27                             1DDB     1DDB       52         0
                text26                             19A3     19A3       19         0
                text25                             1F9B     1F9B       65         0
                text24                              81D      81D       F6         0
                text23                             122A     122A       A9         0
                text22                             1384     1384       B4         0
                text21                             1954     1954        9         0
                text20                             1438     1438       B9         0
                text19                             1121     1121       82         0
                text18                              801      801       1C         0
                text17                             1C76     1C76       3E         0
                text16                             1C39     1C39       3D         0
                text15                             11A3     11A3       87         0
                text14                             1ADD     1ADD       36         0
                text13                             1E2D     1E2D       52         0
                text12                             10B0     10B0       71         0
                text11                             1CF5     1CF5       46         0
                text10                             1F38     1F38       63         0
                text9                              19FC     19FC       22         0
                text8                               6F9      6F9      103         0
                text7                              1A1E     1A1E       2E         0
                text6                              1ED8     1ED8       60         0
                text5                              1BC1     1BC1       3C         0
                text4                              12D3     12D3       B1         0
                text3                              1623     1623      1DD         0
                text2                              1A7C     1A7C       30         0
                text1                              1AAC     1AAC       31         0
                maintext                           14F1     14F1      132         0
                inittext                           1967     1967        C         0
                clrtext                            1973     1973        C         0
                idataBIGRAM                         4FB      4FB      1FE         0
                idataBANK11                        1B13     1B13       3A         0
                idataBANK10                        1B4D     1B4D       3A         0
                idataBANK9                         1D3B     1D3B       50         0
                idataBANK8                         1D8B     1D8B       50         0
                idataBANK7                         1B87     1B87       3A         0
                idataBANK5                         1BFD     1BFD       3C         0
                idataBANK4                          7FC      7FC        4         0
                idataBANK3                         197F     197F       12         0
                idataBANK2                         1991     1991       12         0

        CLASS   STRCODE        
                stringtext                         2000     2000       1B         0

        CLASS   STRING         

        CLASS   CONST          

        CLASS   ENTRY          

        CLASS   COMMON         
                cstackCOMMON                         70       70        9         1
                bssCOMMON                            79       79        4         1

        CLASS   BANK0          
                cstackBANK0                          20       20       4F         1

        CLASS   BANK1          
                cstackBANK1                          A0       A0       4D         1
                bssBANK1                             ED       ED        2         1

        CLASS   BANK2          
                cstackBANK2                         120      120       25         1
                dataBANK2                           15D      15D       12         1
                bssBANK2                            145      145       18         1

        CLASS   BANK3          
                dataBANK3                           1DC      1DC       12         1
                bssBANK3                            1A0      1A0       3C         1

        CLASS   BANK4          
                dataBANK4                           250      250        4         1
                bssBANK4                            220      220       30         1

        CLASS   BANK5          
                dataBANK5                           2A0      2A0       3C         1

        CLASS   BANK6          
                bssBANK6                            320      320       40         1

        CLASS   BANK7          
                dataBANK7                           3A0      3A0       3A         1

        CLASS   BANK8          
                dataBANK8                           420      420       50         1

        CLASS   BANK9          
                dataBANK9                           4A0      4A0       50         1

        CLASS   BANK10         
                dataBANK10                          520      520       3A         1

        CLASS   BANK11         
                dataBANK11                          5A0      5A0       3A         1

        CLASS   BANK12         

        CLASS   BANK13         

        CLASS   BANK14         

        CLASS   BANK15         

        CLASS   BANK16         

        CLASS   BANK17         

        CLASS   BANK18         

        CLASS   BIGRAM         

        CLASS   RAM            

        CLASS   ABS1           
                abs_s1                               7E       7E        2         1
                abs_s1                              652      652       1E         1
                abs_s1                              6A0      6A0       50         1
                abs_s1                              720      720       50         1
                abs_s1                              7A0      7A0       50         1
                abs_s1                              820      820       50         1
                abs_s1                              8A0      8A0       50         1
                abs_s1                              920      920       50         1
                abs_s1                             23F2     23F2        0         1

        CLASS   SFR0           

        CLASS   SFR1           

        CLASS   SFR2           

        CLASS   SFR3           

        CLASS   SFR4           

        CLASS   SFR5           

        CLASS   SFR6           

        CLASS   SFR7           

        CLASS   SFR8           

        CLASS   SFR9           

        CLASS   SFR10          

        CLASS   SFR11          

        CLASS   SFR12          

        CLASS   SFR13          

        CLASS   SFR14          

        CLASS   SFR15          

        CLASS   SFR16          

        CLASS   SFR17          

        CLASS   SFR18          

        CLASS   SFR19          

        CLASS   SFR20          

        CLASS   SFR21          

        CLASS   SFR22          

        CLASS   SFR23          

        CLASS   SFR24          

        CLASS   SFR25          

        CLASS   SFR26          

        CLASS   SFR27          

        CLASS   SFR28          

        CLASS   SFR29          

        CLASS   SFR30          

        CLASS   SFR31          

        CLASS   CONFIG         
                config                             8007     8007        2         0

        CLASS   IDLOC          

        CLASS   BANK31         

        CLASS   BANK30         

        CLASS   BANK29         

        CLASS   BANK28         

        CLASS   BANK27         

        CLASS   BANK26         

        CLASS   BANK25         

        CLASS   BANK24         

        CLASS   BANK23         

        CLASS   BANK22         

        CLASS   BANK21         

        CLASS   BANK20         

        CLASS   BANK19         

        CLASS   EEDATA         



SEGMENTS        Name                           Load    Length   Top    Selector   Space  Class     Delta

                reset_vec                      000000  000003  000003         0       0  CODE        2
                intentry                       000004  0007FC  000800         8       0  CODE        2
                cstackBANK0                    000020  00004F  00006F        20       1  BANK0       1
                cstackCOMMON                   000070  00000D  00007D        70       1  COMMON      1
                cstackBANK1                    0000A0  00004F  0000EF        A0       1  BANK1       1
                cstackBANK2                    000120  00004F  00016F       120       1  BANK2       1
                bssBANK3                       0001A0  00004E  0001EE       1A0       1  BANK3       1
                bssBANK4                       000220  000034  000254       220       1  BANK4       1
                dataBANK5                      0002A0  00003C  0002DC       2A0       1  BANK5       1
                bssBANK6                       000320  000040  000360       320       1  BANK6       1
                dataBANK7                      0003A0  00003A  0003DA       3A0       1  BANK7       1
                dataBANK8                      000420  000050  000470       420       1  BANK8       1
                dataBANK9                      0004A0  000050  0004F0       4A0       1  BANK9       1
                dataBANK10                     000520  00003A  00055A       520       1  BANK10      1
                dataBANK11                     0005A0  00003A  0005DA       5A0       1  BANK11      1
                text18                         000801  00001C  00081D      1002       0  CODE        2
                text24                         00081D  0000F6  000913      103A       0  CODE        2
                maintext_split_2               000913  000732  001045      1226       0  CODE        2
                text34                         001045  00006B  0010B0      208A       0  CODE        2
                text12                         0010B0  000071  001121      2160       0  CODE        2
                text19                         001121  000082  0011A3      2242       0  CODE        2
                text15                         0011A3  000087  00122A      2346       0  CODE        2
                text23                         00122A  0000A9  0012D3      2454       0  CODE        2
                text4                          0012D3  0000B1  001384      25A6       0  CODE        2
                text22                         001384  0000B4  001438      2708       0  CODE        2
                text20                         001438  0000B9  0014F1      2870       0  CODE        2
                maintext                       0014F1  000132  001623      29E2       0  CODE        2
                text3                          001623  0001DD  001800      2C46       0  CODE        2
                text37                         001940  000004  001944      3280       0  CODE        2
                text31                         001944  000007  00194B      3288       0  CODE        2
                text30                         00194B  000009  001954      3296       0  CODE        2
                text21                         001954  000009  00195D      32A8       0  CODE        2
                text32                         00195D  00000A  001967      32BA       0  CODE        2
                inittext                       001967  00000C  001973      32CE       0  CODE        2
                clrtext                        001973  00000C  00197F      32E6       0  CODE        2
                idataBANK3                     00197F  000012  001991      32FE       0  CODE        2
                idataBANK2                     001991  000012  0019A3      3322       0  CODE        2
                text26                         0019A3  000019  0019BC      3346       0  CODE        2
                text36                         0019BC  000020  0019DC      3378       0  CODE        2
                text35                         0019DC  000020  0019FC      33B8       0  CODE        2
                text9                          0019FC  000022  001A1E      33F8       0  CODE        2
                text7                          001A1E  00002E  001A4C      343C       0  CODE        2
                text28                         001A4C  000030  001A7C      3498       0  CODE        2
                text2                          001A7C  000030  001AAC      34F8       0  CODE        2
                text1                          001AAC  000031  001ADD      3558       0  CODE        2
                text14                         001ADD  000036  001B13      35BA       0  CODE        2
                idataBANK11                    001B13  00003A  001B4D      3626       0  CODE        2
                idataBANK10                    001B4D  00003A  001B87      369A       0  CODE        2
                idataBANK7                     001B87  00003A  001BC1      370E       0  CODE        2
                text5                          001BC1  00003C  001BFD      3782       0  CODE        2
                idataBANK5                     001BFD  00003C  001C39      37FA       0  CODE        2
                text16                         001C39  00003D  001C76      3872       0  CODE        2
                text17                         001C76  00003E  001CB4      38EC       0  CODE        2
                text29                         001CB4  000041  001CF5      3968       0  CODE        2
                text11                         001CF5  000046  001D3B      39EA       0  CODE        2
                idataBANK9                     001D3B  000050  001D8B      3A76       0  CODE        2
                idataBANK8                     001D8B  000050  001DDB      3B16       0  CODE        2
                text27                         001DDB  000052  001E2D      3BB6       0  CODE        2
                text13                         001E2D  000052  001E7F      3C5A       0  CODE        2
                text39                         001E7F  000059  001ED8      3CFE       0  CODE        2
                text6                          001ED8  000060  001F38      3DB0       0  CODE        2
                text10                         001F38  000063  001F9B      3E70       0  CODE        2
                text25                         001F9B  000065  002000      3F36       0  CODE        2
                stringtext                     002000  00001B  00201B      4000       0  STRCODE     2
                config                         008007  000002  008009     1000E       0  CONFIG      2


UNUSED ADDRESS RANGES

        Name                Unused          Largest block    Delta
        BANK0            00006F-00006F                1           1
        BANK1            0000EF-0000EF                1           1
        BANK10           00055A-00056F               16           1
        BANK11           0005DA-0005EF               16           1
        BANK12           000620-000651               32           1
        BANK2            00016F-00016F                1           1
        BANK3            0001EE-0001EF                2           1
        BANK4            000254-00026F               1C           1
        BANK5            0002DC-0002EF               14           1
        BANK6            000360-00036F               10           1
        BANK7            0003DA-0003EF               16           1
        BIGRAM           002000-0025EF              5F0           1
        CODE             000003-000003                1           2
                         000800-000800                1
                         001800-00193F              140
                         00201B-003FFF              800
        COMMON           00007D-00007D                1           1
        CONST            000003-000003                1           2
                         000800-000800                1
                         001800-00193F              100
                         00201B-003FFF              100
        ENTRY            000003-000003                1           2
                         000800-000800                1
                         001800-00193F              100
                         00201B-003FFF              100
        IDLOC            008000-008003                4           2
        RAM              00006F-00006F                1           1
                         0000EF-0000EF                1
                         00016F-00016F                1
                         0001EE-0001EF                2
                         000254-00026F               1C
                         0002DC-0002EF               14
                         000360-00036F               10
                         0003DA-0003EF               16
                         00055A-00056F               16
                         0005DA-0005EF               16
                         000620-000651               32
        SFR0             000000-00001F               20           1
        SFR1             000080-00009F               20           1
        SFR10            000500-00051F               20           1
        SFR11            000580-00059F               20           1
        SFR12            000600-00061F               20           1
        SFR13            000680-00069F               20           1
        SFR14            000700-00071F               20           1
        SFR15            000780-00079F               20           1
        SFR16            000800-00081F               20           1
        SFR17            000880-00089F               20           1
        SFR18            000900-00091F               20           1
        SFR19            000980-0009EF               70           1
        SFR2             000100-00011F               20           1
        SFR20            000A00-000A6F               70           1
        SFR21            000A80-000AEF               70           1
        SFR22            000B00-000B6F               70           1
        SFR23            000B80-000BEF               70           1
        SFR24            000C00-000C6F               70           1
        SFR25            000C80-000CEF               70           1
        SFR26            000D00-000D6F               70           1
        SFR27            000D80-000DEF               70           1
        SFR28            000E00-000E6F               70           1
        SFR29            000E80-000EEF               70           1
        SFR3             000180-00019F               20           1
        SFR30            000F00-000F6F               70           1
        SFR31            000F80-000FEF               70           1
        SFR4             000200-00021F               20           1
        SFR5             000280-00029F               20           1
        SFR6             000300-00031F               20           1
        SFR7             000380-00039F               20           1
        SFR8             000400-00041F               20           1
        SFR9             000480-00049F               20           1
        STACK            0023AA-0023F1               48           1
        STRCODE          000003-000003                1           2
                         000800-000800                1
                         001800-00193F              140
                         00201B-003FFF             1FE5
        STRING           000003-000003                1           2
                         000800-000800                1
                         001800-00193F              100
                         00201B-003FFF              100

                                  Symbol Table

?_FLASH_ReadWord                cstackBANK0      000020
?___aldiv                       cstackBANK0      000026
?___altoft                      cstackBANK0      000028
?___awdiv                       cstackBANK0      000020
?___awtoft                      cstackBANK0      000029
?___ftadd                       cstackBANK0      000043
?___ftdiv                       cstackBANK0      00005A
?___ftmul                       cstackBANK0      000033
?___ftneg                       cstackBANK0      000030
?___ftpack                      cstackBANK0      000020
?___ftsub                       cstackBANK1      0000C5
?___fttol                       cstackBANK1      0000AF
?___lmul                        cstackBANK0      000020
?___wmul                        cstackBANK0      000020
?_adc_convert                   cstackBANK0      000020
?_eval_poly                     cstackBANK0      000050
?_floor                         cstackBANK1      0000BD
?_map                           cstackBANK1      0000A0
?_modulation                    cstackBANK0      000035
?_round                         cstackBANK1      0000D8
?_set_subdivision               cstackBANK1      0000BD
?_sin                           cstackBANK1      0000CB
?_trunc                         cstackBANK1      0000BD
FLASH_EraseBlock@GIEBitValue    cstackBANK0      000022
FLASH_EraseBlock@startAddr      cstackBANK0      000020
FLASH_ReadWord@GIEBitValue      cstackBANK0      000022
FLASH_ReadWord@flashAddr        cstackBANK0      000020
FLASH_WriteBlock@GIEBitValue    cstackBANK0      00002B
FLASH_WriteBlock@blockStartAddr cstackBANK0      000029
FLASH_WriteBlock@flashWordArray cstackBANK0      000025
FLASH_WriteBlock@i              cstackBANK0      00002C
FLASH_WriteBlock@writeAddr      cstackBANK0      000023
FLASH_WriteWord@blockStartAddr  cstackBANK0      000034
FLASH_WriteWord@flashAddr       cstackBANK0      00002D
FLASH_WriteWord@i               cstackBANK0      000036
FLASH_WriteWord@offset          cstackBANK0      000033
FLASH_WriteWord@ramBuf          cstackBANK0      00002F
FLASH_WriteWord@word            cstackBANK0      000030
_ADCON0bits                     (abs)            00009D
_ADCON1bits                     (abs)            00009E
_ADRESH                         (abs)            00009C
_ADRESL                         (abs)            00009B
_ANSELBbits                     (abs)            00018D
_ANSELEbits                     (abs)            000190
_APFCONbits                     (abs)            00011D
_B25k                           dataBANK8        000420
_CCP10CONbits                   (abs)            00061F
_CCP1CONbits                    (abs)            000293
_CCP2CONbits                    (abs)            00029A
_CCP3CONbits                    (abs)            000313
_CCP4CONbits                    (abs)            00031A
_CCP5CONbits                    (abs)            00031E
_CCP6CONbits                    (abs)            000613
_CCP7CONbits                    (abs)            000616
_CCP8CONbits                    (abs)            000619
_CCP9CONbits                    (abs)            00061C
_CCPR1                          (abs)            000291
_CCPR2                          (abs)            000298
_CCPR3                          (abs)            000311
_CCPR4                          (abs)            000318
_CCPR5                          (abs)            00031C
_CCPR9                          (abs)            00061A
_CCPTMRS0                       (abs)            00029D
_CCPTMRS1                       (abs)            00029E
_CCPTMRS2                       (abs)            00029F
_ConfigureOscillator            text37           001940
_FLASH_EraseBlock               text35           0019DC
_FLASH_ReadWord                 text36           0019BC
_FLASH_WriteBlock               text34           001045
_FLASH_WriteWord                text33           001000
_INTCONbits                     (abs)            00000B
_InitApp                        text28           001A4C
_LATBbits                       (abs)            00010D
_LATCbits                       (abs)            00010E
_LATDbits                       (abs)            00010F
_LATFbits                       (abs)            00038C
_LATGbits                       (abs)            00038D
_OPTION_REGbits                 (abs)            000095
_OSCCONbits                     (abs)            000099
_PMADRH                         (abs)            000192
_PMADRL                         (abs)            000191
_PMCON1bits                     (abs)            000195
_PMCON2                         (abs)            000196
_PMDATH                         (abs)            000194
_PMDATL                         (abs)            000193
_PORTBbits                      (abs)            00000D
_PORTDbits                      (abs)            00000F
_PORTEbits                      (abs)            000010
_PR2                            (abs)            00001B
_T2CONbits                      (abs)            00001C
_TRISBbits                      (abs)            00008D
_TRISCbits                      (abs)            00008E
_TRISDbits                      (abs)            00008F
_TRISEbits                      (abs)            000090
_TRISFbits                      (abs)            00030C
_TRISGbits                      (abs)            00030D
__CFG_BOREN$ON                  (abs)            000000
__CFG_BORV$LO                   (abs)            000000
__CFG_CLKOUTEN$OFF              (abs)            000000
__CFG_CP$OFF                    (abs)            000000
__CFG_FCMEN$ON                  (abs)            000000
__CFG_FOSC$HS                   (abs)            000000
__CFG_IESO$ON                   (abs)            000000
__CFG_LPBOR$OFF                 (abs)            000000
__CFG_LVP$OFF                   (abs)            000000
__CFG_MCLRE$ON                  (abs)            000000
__CFG_PWRTE$OFF                 (abs)            000000
__CFG_STVREN$ON                 (abs)            000000
__CFG_VCAPEN$OFF                (abs)            000000
__CFG_WDTE$OFF                  (abs)            000000
__CFG_WRT$OFF                   (abs)            000000
__Habs1                         abs1             000000
__Hbank0                        bank0            000000
__Hbank1                        bank1            000000
__Hbank10                       bank10           000000
__Hbank11                       bank11           000000
__Hbank12                       bank12           000000
__Hbank13                       bank13           000000
__Hbank14                       bank14           000000
__Hbank15                       bank15           000000
__Hbank16                       bank16           000000
__Hbank17                       bank17           000000
__Hbank18                       bank18           000000
__Hbank19                       bank19           000000
__Hbank2                        bank2            000000
__Hbank20                       bank20           000000
__Hbank21                       bank21           000000
__Hbank22                       bank22           000000
__Hbank23                       bank23           000000
__Hbank24                       bank24           000000
__Hbank25                       bank25           000000
__Hbank26                       bank26           000000
__Hbank27                       bank27           000000
__Hbank28                       bank28           000000
__Hbank29                       bank29           000000
__Hbank3                        bank3            000000
__Hbank30                       bank30           000000
__Hbank31                       bank31           000000
__Hbank4                        bank4            000000
__Hbank5                        bank5            000000
__Hbank6                        bank6            000000
__Hbank7                        bank7            000000
__Hbank8                        bank8            000000
__Hbank9                        bank9            000000
__Hbigram                       bigram           000000
__HbssBANK1                     bssBANK1         000000
__HbssBANK2                     bssBANK2         000000
__HbssBANK3                     bssBANK3         000000
__HbssBANK4                     bssBANK4         000000
__HbssBANK6                     bssBANK6         000000
__HbssCOMMON                    bssCOMMON        000000
__Hcinit                        cinit            000222
__Hclrtext                      clrtext          000000
__Hcode                         code             000000
__Hcommon                       common           000000
__Hconfig                       config           008009
__HcstackBANK0                  cstackBANK0      000000
__HcstackBANK1                  cstackBANK1      000000
__HcstackBANK2                  cstackBANK2      000000
__HcstackCOMMON                 cstackCOMMON     000000
__HdataBANK10                   dataBANK10       000000
__HdataBANK11                   dataBANK11       000000
__HdataBANK2                    dataBANK2        000000
__HdataBANK3                    dataBANK3        000000
__HdataBANK4                    dataBANK4        000000
__HdataBANK5                    dataBANK5        000000
__HdataBANK7                    dataBANK7        000000
__HdataBANK8                    dataBANK8        000000
__HdataBANK9                    dataBANK9        000000
__Heeprom_data                  eeprom_data      000000
__Hend_init                     end_init         000160
__Hfunctab                      functab          000000
__HidataBANK10                  idataBANK10      000000
__HidataBANK11                  idataBANK11      000000
__HidataBANK2                   idataBANK2       000000
__HidataBANK3                   idataBANK3       000000
__HidataBANK4                   idataBANK4       000000
__HidataBANK5                   idataBANK5       000000
__HidataBANK7                   idataBANK7       000000
__HidataBANK8                   idataBANK8       000000
__HidataBANK9                   idataBANK9       000000
__HidataBIGRAM                  idataBIGRAM      000000
__Hidloc                        idloc            000000
__Hinit                         init             00015E
__Hinittext                     inittext         000000
__Hintentry                     intentry         00015E
__Hmaintext                     maintext         000000
__Hmaintext_split_1             maintext_split_1 000000
__Hmaintext_split_2             maintext_split_2 000000
__Hpowerup                      powerup          000000
__Hram                          ram              000000
__Hreset_vec                    reset_vec        000003
__Hsfr0                         sfr0             000000
__Hsfr1                         sfr1             000000
__Hsfr10                        sfr10            000000
__Hsfr11                        sfr11            000000
__Hsfr12                        sfr12            000000
__Hsfr13                        sfr13            000000
__Hsfr14                        sfr14            000000
__Hsfr15                        sfr15            000000
__Hsfr16                        sfr16            000000
__Hsfr17                        sfr17            000000
__Hsfr18                        sfr18            000000
__Hsfr19                        sfr19            000000
__Hsfr2                         sfr2             000000
__Hsfr20                        sfr20            000000
__Hsfr21                        sfr21            000000
__Hsfr22                        sfr22            000000
__Hsfr23                        sfr23            000000
__Hsfr24                        sfr24            000000
__Hsfr25                        sfr25            000000
__Hsfr26                        sfr26            000000
__Hsfr27                        sfr27            000000
__Hsfr28                        sfr28            000000
__Hsfr29                        sfr29            000000
__Hsfr3                         sfr3             000000
__Hsfr30                        sfr30            000000
__Hsfr31                        sfr31            000000
__Hsfr4                         sfr4             000000
__Hsfr5                         sfr5             000000
__Hsfr6                         sfr6             000000
__Hsfr7                         sfr7             000000
__Hsfr8                         sfr8             000000
__Hsfr9                         sfr9             000000
__Hspace_0                      (abs)            008009
__Hspace_1                      (abs)            0005DA
__Hspace_2                      (abs)            000000
__Hspace_3                      (abs)            000000
__Hstack                        stack            000000
__Hstrings                      strings          000000
__Hstringtext                   stringtext       000000
__Htext                         text             000000
__Labs1                         abs1             000000
__Lbank0                        bank0            000000
__Lbank1                        bank1            000000
__Lbank10                       bank10           000000
__Lbank11                       bank11           000000
__Lbank12                       bank12           000000
__Lbank13                       bank13           000000
__Lbank14                       bank14           000000
__Lbank15                       bank15           000000
__Lbank16                       bank16           000000
__Lbank17                       bank17           000000
__Lbank18                       bank18           000000
__Lbank19                       bank19           000000
__Lbank2                        bank2            000000
__Lbank20                       bank20           000000
__Lbank21                       bank21           000000
__Lbank22                       bank22           000000
__Lbank23                       bank23           000000
__Lbank24                       bank24           000000
__Lbank25                       bank25           000000
__Lbank26                       bank26           000000
__Lbank27                       bank27           000000
__Lbank28                       bank28           000000
__Lbank29                       bank29           000000
__Lbank3                        bank3            000000
__Lbank30                       bank30           000000
__Lbank31                       bank31           000000
__Lbank4                        bank4            000000
__Lbank5                        bank5            000000
__Lbank6                        bank6            000000
__Lbank7                        bank7            000000
__Lbank8                        bank8            000000
__Lbank9                        bank9            000000
__Lbigram                       bigram           000000
__LbssBANK1                     bssBANK1         000000
__LbssBANK2                     bssBANK2         000000
__LbssBANK3                     bssBANK3         000000
__LbssBANK4                     bssBANK4         000000
__LbssBANK6                     bssBANK6         000000
__LbssCOMMON                    bssCOMMON        000000
__Lcinit                        cinit            000160
__Lclrtext                      clrtext          000000
__Lcode                         code             000000
__Lcommon                       common           000000
__Lconfig                       config           008007
__LcstackBANK0                  cstackBANK0      000000
__LcstackBANK1                  cstackBANK1      000000
__LcstackBANK2                  cstackBANK2      000000
__LcstackCOMMON                 cstackCOMMON     000000
__LdataBANK10                   dataBANK10       000000
__LdataBANK11                   dataBANK11       000000
__LdataBANK2                    dataBANK2        000000
__LdataBANK3                    dataBANK3        000000
__LdataBANK4                    dataBANK4        000000
__LdataBANK5                    dataBANK5        000000
__LdataBANK7                    dataBANK7        000000
__LdataBANK8                    dataBANK8        000000
__LdataBANK9                    dataBANK9        000000
__Leeprom_data                  eeprom_data      000000
__Lend_init                     end_init         00015E
__Lfunctab                      functab          000000
__LidataBANK10                  idataBANK10      000000
__LidataBANK11                  idataBANK11      000000
__LidataBANK2                   idataBANK2       000000
__LidataBANK3                   idataBANK3       000000
__LidataBANK4                   idataBANK4       000000
__LidataBANK5                   idataBANK5       000000
__LidataBANK7                   idataBANK7       000000
__LidataBANK8                   idataBANK8       000000
__LidataBANK9                   idataBANK9       000000
__LidataBIGRAM                  idataBIGRAM      000000
__Lidloc                        idloc            000000
__Linit                         init             00015E
__Linittext                     inittext         000000
__Lintentry                     intentry         000004
__Lmaintext                     maintext         000000
__Lmaintext_split_1             maintext_split_1 000000
__Lmaintext_split_2             maintext_split_2 000000
__Lpowerup                      powerup          000000
__Lram                          ram              000000
__Lreset_vec                    reset_vec        000000
__Lsfr0                         sfr0             000000
__Lsfr1                         sfr1             000000
__Lsfr10                        sfr10            000000
__Lsfr11                        sfr11            000000
__Lsfr12                        sfr12            000000
__Lsfr13                        sfr13            000000
__Lsfr14                        sfr14            000000
__Lsfr15                        sfr15            000000
__Lsfr16                        sfr16            000000
__Lsfr17                        sfr17            000000
__Lsfr18                        sfr18            000000
__Lsfr19                        sfr19            000000
__Lsfr2                         sfr2             000000
__Lsfr20                        sfr20            000000
__Lsfr21                        sfr21            000000
__Lsfr22                        sfr22            000000
__Lsfr23                        sfr23            000000
__Lsfr24                        sfr24            000000
__Lsfr25                        sfr25            000000
__Lsfr26                        sfr26            000000
__Lsfr27                        sfr27            000000
__Lsfr28                        sfr28            000000
__Lsfr29                        sfr29            000000
__Lsfr3                         sfr3             000000
__Lsfr30                        sfr30            000000
__Lsfr31                        sfr31            000000
__Lsfr4                         sfr4             000000
__Lsfr5                         sfr5             000000
__Lsfr6                         sfr6             000000
__Lsfr7                         sfr7             000000
__Lsfr8                         sfr8             000000
__Lsfr9                         sfr9             000000
__Lspace_0                      (abs)            000000
__Lspace_1                      (abs)            000000
__Lspace_2                      (abs)            000000
__Lspace_3                      (abs)            000000
__Lstack                        stack            000000
__Lstrings                      strings          000000
__Lstringtext                   stringtext       000000
__Ltext                         text             000000
__S0                            (abs)            008009
__S1                            (abs)            0005DA
__S2                            (abs)            000000
___aldiv                        text19           001121
___aldiv@counter                cstackBANK0      00002F
___aldiv@dividend               cstackBANK0      00002A
___aldiv@divisor                cstackBANK0      000026
___aldiv@quotient               cstackBANK0      000031
___aldiv@sign                   cstackBANK0      000030
___altoft                       text16           001C39
___altoft@c                     cstackBANK0      000028
___altoft@exp                   cstackBANK0      00002E
___altoft@sign                  cstackBANK0      00002F
___awdiv                        text27           001DDB
___awdiv@counter                cstackBANK0      000025
___awdiv@dividend               cstackBANK0      000022
___awdiv@divisor                cstackBANK0      000020
___awdiv@quotient               cstackBANK0      000027
___awdiv@sign                   cstackBANK0      000026
___awtoft                       text9            0019FC
___awtoft@c                     cstackBANK0      000029
___awtoft@sign                  cstackBANK0      00002E
___ftadd                        text24           00081D
___ftadd@exp1                   cstackBANK0      00004F
___ftadd@exp2                   cstackBANK0      00004E
___ftadd@f1                     cstackBANK0      000043
___ftadd@f2                     cstackBANK0      000046
___ftadd@sign                   cstackBANK0      00004D
___ftdiv                        text23           00122A
___ftdiv@cntr                   cstackBANK0      000064
___ftdiv@exp                    cstackBANK0      000068
___ftdiv@f1                     cstackBANK0      00005D
___ftdiv@f2                     cstackBANK0      00005A
___ftdiv@f3                     cstackBANK0      000065
___ftdiv@sign                   cstackBANK0      000069
___ftge                         text5            001BC1
___ftge@ff1                     cstackBANK0      000020
___ftge@ff2                     cstackBANK0      000023
___ftmul                        text22           001384
___ftmul@cntr                   cstackBANK0      000041
___ftmul@exp                    cstackBANK0      00003D
___ftmul@f1                     cstackBANK0      000033
___ftmul@f2                     cstackBANK0      000036
___ftmul@f3_as_product          cstackBANK0      00003E
___ftmul@sign                   cstackBANK0      000042
___ftneg                        text21           001954
___ftneg@f1                     cstackBANK0      000030
___ftpack                       text25           001F9B
___ftpack@arg                   cstackBANK0      000020
___ftpack@exp                   cstackBANK0      000023
___ftpack@sign                  cstackBANK0      000024
___ftsub                        text7            001A1E
___ftsub@f1                     cstackBANK1      0000C8
___ftsub@f2                     cstackBANK1      0000C5
___fttol                        text15           0011A3
___fttol@exp1                   cstackBANK1      0000BC
___fttol@f1                     cstackBANK1      0000AF
___fttol@lval                   cstackBANK1      0000B8
___fttol@sign1                  cstackBANK1      0000B7
___int_sp                       stack            000000
___latbits                      (abs)            000003
___lmul                         text2            001A7C
___lmul@multiplicand            cstackBANK0      000024
___lmul@multiplier              cstackBANK0      000020
___lmul@product                 cstackBANK0      000028
___sp                           stack            000000
___wmul                         text18           000801
___wmul@multiplicand            cstackBANK0      000022
___wmul@multiplier              cstackBANK0      000020
___wmul@product                 cstackBANK0      000024
__end_of_ConfigureOscillator    text37           001944
__end_of_FLASH_EraseBlock       text35           0019FC
__end_of_FLASH_ReadWord         text36           0019DC
__end_of_FLASH_WriteBlock       text34           0010B0
__end_of_FLASH_WriteWord        text33           001045
__end_of_InitApp                text28           001A7C
__end_of___aldiv                text19           0011A3
__end_of___altoft               text16           001C76
__end_of___awdiv                text27           001E2D
__end_of___awtoft               text9            001A1E
__end_of___ftadd                text24           000913
__end_of___ftdiv                text23           0012D3
__end_of___ftge                 text5            001BFD
__end_of___ftmul                text22           001438
__end_of___ftneg                text21           00195D
__end_of___ftpack               text25           002000
__end_of___ftsub                text7            001A4C
__end_of___fttol                text15           00122A
__end_of___lmul                 text2            001AAC
__end_of___wmul                 text18           00081D
__end_of__initialization        cinit            00021E
__end_of_adc_convert            text26           0019BC
__end_of_eval_poly              text6            001F38
__end_of_floor                  text4            001384
__end_of_frexp                  text14           001B13
__end_of_init_adc               text32           001967
__end_of_init_pwm               text29           001CF5
__end_of_init_timer0            text31           00194B
__end_of_init_timer2            text30           001954
__end_of_isr                    intentry         00015E
__end_of_main                   maintext_split_1 0004FB
__end_of_map                    text20           0014F1
__end_of_modulation             text17           001CB4
__end_of_round                  text12           001121
__end_of_set_leds_bottom        text11           001D3B
__end_of_set_leds_top           text10           001F9B
__end_of_set_subdivision        text8            0007FC
__end_of_sin                    text3            001800
__end_of_trunc                  text13           001E7F
__end_of_wait_ms                text1            001ADD
__end_ofi1_set_leds_top         text39           001ED8
__end_ofsin@coeff_a             stringtext       00200F
__end_ofsin@coeff_b             stringtext       00201B
__initialization                cinit            000160
__pbssBANK1                     bssBANK1         0000ED
__pbssBANK2                     bssBANK2         000145
__pbssBANK3                     bssBANK3         0001A0
__pbssBANK4                     bssBANK4         000220
__pbssBANK6                     bssBANK6         000320
__pbssCOMMON                    bssCOMMON        000079
__pcstackBANK0                  cstackBANK0      000020
__pcstackBANK1                  cstackBANK1      0000A0
__pcstackBANK2                  cstackBANK2      000120
__pcstackCOMMON                 cstackCOMMON     000070
__pdataBANK10                   dataBANK10       000520
__pdataBANK11                   dataBANK11       0005A0
__pdataBANK2                    dataBANK2        00015D
__pdataBANK3                    dataBANK3        0001DC
__pdataBANK4                    dataBANK4        000250
__pdataBANK5                    dataBANK5        0002A0
__pdataBANK7                    dataBANK7        0003A0
__pdataBANK8                    dataBANK8        000420
__pdataBANK9                    dataBANK9        0004A0
__pdataBIGRAM                   (abs)            0023F2
__pidataBANK10                  idataBANK10      001B4D
__pidataBANK11                  idataBANK11      001B13
__pidataBANK2                   idataBANK2       001991
__pidataBANK3                   idataBANK3       00197F
__pidataBANK4                   idataBANK4       0007FC
__pidataBANK5                   idataBANK5       001BFD
__pidataBANK7                   idataBANK7       001B87
__pidataBANK8                   idataBANK8       001D8B
__pidataBANK9                   idataBANK9       001D3B
__pidataBIGRAM                  idataBIGRAM      0004FB
__pintentry                     intentry         000004
__pmaintext                     maintext         0014F1
__pstringtext                   stringtext       002000
__ptext1                        text1            001AAC
__ptext10                       text10           001F38
__ptext11                       text11           001CF5
__ptext12                       text12           0010B0
__ptext13                       text13           001E2D
__ptext14                       text14           001ADD
__ptext15                       text15           0011A3
__ptext16                       text16           001C39
__ptext17                       text17           001C76
__ptext18                       text18           000801
__ptext19                       text19           001121
__ptext2                        text2            001A7C
__ptext20                       text20           001438
__ptext21                       text21           001954
__ptext22                       text22           001384
__ptext23                       text23           00122A
__ptext24                       text24           00081D
__ptext25                       text25           001F9B
__ptext26                       text26           0019A3
__ptext27                       text27           001DDB
__ptext28                       text28           001A4C
__ptext29                       text29           001CB4
__ptext3                        text3            001623
__ptext30                       text30           00194B
__ptext31                       text31           001944
__ptext32                       text32           00195D
__ptext33                       text33           001000
__ptext34                       text34           001045
__ptext35                       text35           0019DC
__ptext36                       text36           0019BC
__ptext37                       text37           001940
__ptext39                       text39           001E7F
__ptext4                        text4            0012D3
__ptext5                        text5            001BC1
__ptext6                        text6            001ED8
__ptext7                        text7            001A1E
__ptext8                        text8            0006F9
__ptext9                        text9            0019FC
__size_of_ConfigureOscillator   (abs)            000000
__size_of_FLASH_EraseBlock      (abs)            000000
__size_of_FLASH_ReadWord        (abs)            000000
__size_of_FLASH_WriteBlock      (abs)            000000
__size_of_FLASH_WriteWord       (abs)            000000
__size_of_InitApp               (abs)            000000
__size_of___aldiv               (abs)            000000
__size_of___altoft              (abs)            000000
__size_of___awdiv               (abs)            000000
__size_of___awtoft              (abs)            000000
__size_of___ftadd               (abs)            000000
__size_of___ftdiv               (abs)            000000
__size_of___ftge                (abs)            000000
__size_of___ftmul               (abs)            000000
__size_of___ftneg               (abs)            000000
__size_of___ftpack              (abs)            000000
__size_of___ftsub               (abs)            000000
__size_of___fttol               (abs)            000000
__size_of___lmul                (abs)            000000
__size_of___wmul                (abs)            000000
__size_of_adc_convert           (abs)            000000
__size_of_eval_poly             (abs)            000000
__size_of_floor                 (abs)            000000
__size_of_frexp                 (abs)            000000
__size_of_init_adc              (abs)            000000
__size_of_init_pwm              (abs)            000000
__size_of_init_timer0           (abs)            000000
__size_of_init_timer2           (abs)            000000
__size_of_isr                   (abs)            000000
__size_of_main                  (abs)            000000
__size_of_map                   (abs)            000000
__size_of_modulation            (abs)            000000
__size_of_round                 (abs)            000000
__size_of_set_leds_bottom       (abs)            000000
__size_of_set_leds_top          (abs)            000000
__size_of_set_subdivision       (abs)            000000
__size_of_sin                   (abs)            000000
__size_of_trunc                 (abs)            000000
__size_of_wait_ms               (abs)            000000
__size_ofi1_set_leds_top        (abs)            000000
_adc_convert                    text26           0019A3
_baseline_delay_time            dataBANK2        00015D
_bottom_push_state              dataBANK2        000165
_bypass_flash_timer             bssBANK3         0001B4
_bypass_state                   bssBANK2         00014D
_debounce_bypass                bssBANK3         0001CA
_debounce_count                 bssBANK3         0001CC
_delay                          (abs)            0023F2
_delay_counter                  bssBANK3         0001CE
_delay_time                     dataBANK2        000161
_delay_time_changed             dataBANK3        0001DE
_delayfound                     bssBANK3         0001D0
_eval_poly                      text6            001ED8
_flash_saving                   bssBANK2         00014F
_floor                          text4            0012D3
_frexp                          text14           001ADD
_iB25k                          dataBANK9        0004A0
_iCnt                           bssBANK2         000151
_init_adc                       text32           00195D
_init_pwm                       text29           001CB4
_init_timer0                    text31           001944
_init_timer2                    text30           00194B
_isr                            intentry         000004
_knob1_prev                     dataBANK2        000167
_knob2_prev                     dataBANK3        0001E2
_knob3_prev                     dataBANK3        0001E4
_knob4_prev                     dataBANK3        0001E6
_knob5_prev                     dataBANK3        0001E8
_knob_1_pos                     bssBANK2         000153
_knob_2_pos                     bssBANK2         000155
_knob_3_pos                     bssBANK2         000157
_knob_4_pos                     bssBANK1         0000ED
_knob_5_pos                     bssBANK3         0001D4
_main                           maintext         0014F1
_main$1660                      cstackBANK2      000134
_main$1661                      cstackBANK2      000137
_main$1662                      cstackBANK2      00013A
_main$1663                      cstackBANK2      00013D
_main$1664                      cstackBANK2      000140
_map                            text20           001438
_map$1665                       cstackBANK0      00006A
_mod1                           dataBANK5        0002A0
_mod4                           dataBANK7        0003A0
_mod_counter                    bssBANK2         000159
_mod_delay_time                 dataBANK3        0001EA
_mod_timer                      bssBANK3         0001B8
_mod_value                      bssBANK3         0001D6
_modulation                     text17           001C76
_myBuf                          bssBANK6         000320
_num_taps                       dataBANK2        000169
_preset                         bssBANK3         0001D8
_round                          text12           0010B0
_saving_state                   bssBANK2         00015B
_set_leds_bottom                text11           001CF5
_set_leds_top                   text10           001F38
_set_subdivision                text8            0006F9
_sin                            text3            001623
_sin$1666                       cstackBANK1      0000D1
_sub_timer                      bssBANK2         000145
_tap                            bssBANK4         000220
_tap_history                    bssBANK3         0001A0
_tap_iteration                  dataBANK2        00016B
_tap_longpress_timer            bssBANK3         0001BC
_tap_timer                      bssCOMMON        000079
_tap_total                      bssBANK3         0001C0
_temp_tap_count                 bssBANK3         0001DA
_temp_tap_time                  bssBANK4         00024C
_timer                          bssBANK2         000149
_top_push_state                 dataBANK2        00016D
_trunc                          text13           001E2D
_wait_ms                        text1            001AAC
adc_convert@channel             cstackBANK0      000023
btemp                           (abs)            00007E
clear_ram0                      clrtext          001973
end_of_initialization           cinit            00021E
eval_poly@d                     cstackBANK0      000053
eval_poly@n                     cstackBANK0      000055
eval_poly@res                   cstackBANK0      000057
eval_poly@x                     cstackBANK0      000050
floor@expon                     cstackBANK1      0000C3
floor@i                         cstackBANK1      0000C0
floor@x                         cstackBANK1      0000BD
frexp@eptr                      cstackBANK0      000023
frexp@value                     cstackBANK0      000020
i1_set_leds_top                 text39           001E7F
i1set_leds_top@ledState         cstackCOMMON     000072
i1set_leds_top@x                cstackCOMMON     000070
init_ram                        inittext         001967
int$flags                       (abs)            00007E
intlevel0                       functab          000000
intlevel1                       functab          000000
intlevel2                       functab          000000
intlevel3                       functab          000000
intlevel4                       functab          000000
intlevel5                       functab          000000
ltemp                           (abs)            00007E
ltemp0                          (abs)            00007E
ltemp1                          (abs)            000082
ltemp2                          (abs)            000086
ltemp3                          (abs)            000080
main@adjusted_pot_value         cstackBANK2      000124
main@count                      cstackBANK2      000143
main@fancy_mod_cycle            cstackBANK2      000130
main@freq                       cstackBANK2      000132
main@i                          cstackBANK2      000120
main@i_407                      cstackBANK2      00012C
main@i_408                      cstackBANK2      00012E
main@rad_conversion             cstackBANK2      000129
main@step_size                  cstackBANK2      000126
main@tapCntDivisor              cstackBANK2      000122
map@in_max                      cstackBANK1      0000A6
map@in_min                      cstackBANK1      0000A3
map@out_max                     cstackBANK1      0000AC
map@out_min                     cstackBANK1      0000A9
map@x                           cstackBANK1      0000A0
modulation@x                    cstackBANK0      000035
modulation@y                    cstackBANK0      000037
pnum$maintext                   (abs)            000023
pnum$maintext_split_1           (abs)            00004B
pnum$maintext_split_2           (abs)            00004C
psplit$0                        (abs)            23004B
psplit$1                        (abs)            23004C
reset_vec                       reset_vec        000000
round@f                         cstackBANK1      0000DB
round@x                         cstackBANK1      0000D8
set_leds_bottom@x               cstackBANK0      000020
set_leds_top@ledState           cstackBANK0      000022
set_leds_top@x                  cstackBANK0      000020
set_subdivision@x               cstackBANK1      0000BD
set_subdivision@y               cstackBANK1      0000BF
sin@coeff_a                     stringtext       002000
sin@coeff_b                     stringtext       00200F
sin@f                           cstackBANK1      0000CB
sin@sgn                         cstackBANK1      0000D7
sin@x2                          cstackBANK1      0000D4
sin@y                           cstackBANK1      0000CE
stackhi                         (abs)            0023F1
stacklo                         (abs)            0023AA
start                           init             00015E
start_initialization            cinit            000160
trunc@expon                     cstackBANK1      0000C3
trunc@i                         cstackBANK1      0000C0
trunc@x                         cstackBANK1      0000BD
ttemp                           (abs)            00007E
ttemp0                          (abs)            00007E
ttemp1                          (abs)            000081
ttemp2                          (abs)            000084
ttemp3                          (abs)            000087
ttemp4                          (abs)            00007F
wait_ms@time                    cstackBANK0      00002C
wait_ms@timel                   bssBANK3         0001C4
wtemp                           (abs)            00007E
wtemp0                          (abs)            00007E
wtemp1                          (abs)            000080
wtemp2                          (abs)            000082
wtemp3                          (abs)            000084
wtemp4                          (abs)            000086
wtemp5                          (abs)            000088
wtemp6                          (abs)            00007F


FUNCTION INFORMATION:

 *************** function _main *****************
 Defined at:
		line 107 in file "main.c"
 Parameters:    Size  Location     Type
		None
 Auto vars:     Size  Location     Type
  tapCntDiviso    2    2[BANK2 ] int 
  rad_conversi    3    9[BANK2 ] int 
  step_size       3    6[BANK2 ] int 
  freq            2   18[BANK2 ] int 
  fancy_mod_cy    2   16[BANK2 ] int 
  adjusted_pot    2    4[BANK2 ] int 
  i               2   14[BANK2 ] int 
  i               2   12[BANK2 ] int 
  i               2    0[BANK2 ] int 
  count           2   35[BANK2 ] int 
 Return value:  Size  Location     Type
                  1    wreg      void 
 Registers used:
		wreg, fsr0l, fsr0h, fsr1l, fsr1h, status,2, status,0, pclath, cstack
 Tracked objects:
		On entry : 
		On exit  : 
		Unchanged: 
 Data sizes:     COMMON   BANK0   BANK1   BANK2   BANK3   BANK4   BANK5   BANK6   BANK7   BANK8   BANK9  BANK10  BANK11  BANK12  BANK13  BANK14  BANK15  BANK16  BANK17  BANK18
      Params:         0       0       0       0       0       0       0       0       0       0       0       0       0       0       0       0       0       0       0       0
      Locals:         0       0       0      37       0       0       0       0       0       0       0       0       0       0       0       0       0       0       0       0
      Temps:          0       0      15       0       0       0       0       0       0       0       0       0       0       0       0       0       0       0       0       0
      Totals:         0       0      15      37       0       0       0       0       0       0       0       0       0       0       0       0       0       0       0       0
Total ram usage:       52 bytes
 Hardware stack levels required when called:    6
 This function calls:
		_ConfigureOscillator
		_FLASH_ReadWord
		_FLASH_WriteWord
		_InitApp
		___aldiv
		___altoft
		___awdiv
		___awtoft
		___ftdiv
		___ftmul
		___fttol
		_adc_convert
		_map
		_modulation
		_round
		_set_leds_bottom
		_set_leds_top
		_set_subdivision
		_sin
		_wait_ms
 This function is called by:
		Startup code after reset
 This function uses a non-reentrant model


 *************** function _wait_ms *****************
 Defined at:
		line 23 in file "system.c"
 Parameters:    Size  Location     Type
  time            2   12[BANK0 ] unsigned int 
 Auto vars:     Size  Location     Type
		None
 Return value:  Size  Location     Type
                  1    wreg      void 
 Registers used:
		wreg, status,2, status,0, pclath, cstack
 Tracked objects:
		On entry : 
		On exit  : 
		Unchanged: 
 Data sizes:     COMMON   BANK0   BANK1   BANK2   BANK3   BANK4   BANK5   BANK6   BANK7   BANK8   BANK9  BANK10  BANK11  BANK12  BANK13  BANK14  BANK15  BANK16  BANK17  BANK18
      Params:         0       2       0       0       0       0       0       0       0       0       0       0       0       0       0       0       0       0       0       0
      Locals:         0       0       0       0       0       0       0       0       0       0       0       0       0       0       0       0       0       0       0       0
      Temps:          0       0       0       0       0       0       0       0       0       0       0       0       0       0       0       0       0       0       0       0
      Totals:         0       2       0       0       0       0       0       0       0       0       0       0       0       0       0       0       0       0       0       0
Total ram usage:        2 bytes
 Hardware stack levels used:    1
 Hardware stack levels required when called:    3
 This function calls:
		___lmul
 This function is called by:
		_main
 This function uses a non-reentrant model


 *************** function ___lmul *****************
 Defined at:
		line 15 in file "C:\Program Files (x86)\Microchip\xc8\v1.37\sources\common\Umul32.c"
 Parameters:    Size  Location     Type
  multiplier      4    0[BANK0 ] unsigned long 
  multiplicand    4    4[BANK0 ] unsigned long 
 Auto vars:     Size  Location     Type
  product         4    8[BANK0 ] unsigned long 
 Return value:  Size  Location     Type
                  4    0[BANK0 ] unsigned long 
 Registers used:
		wreg, status,2, status,0
 Tracked objects:
		On entry : 
		On exit  : 
		Unchanged: 
 Data sizes:     COMMON   BANK0   BANK1   BANK2   BANK3   BANK4   BANK5   BANK6   BANK7   BANK8   BANK9  BANK10  BANK11  BANK12  BANK13  BANK14  BANK15  BANK16  BANK17  BANK18
      Params:         0       8       0       0       0       0       0       0       0       0       0       0       0       0       0       0       0       0       0       0
      Locals:         0       4       0       0       0       0       0       0       0       0       0       0       0       0       0       0       0       0       0       0
      Temps:          0       0       0       0       0       0       0       0       0       0       0       0       0       0       0       0       0       0       0       0
      Totals:         0      12       0       0       0       0       0       0       0       0       0       0       0       0       0       0       0       0       0       0
Total ram usage:       12 bytes
 Hardware stack levels used:    1
 Hardware stack levels required when called:    2
 This function calls:
		Nothing
 This function is called by:
		_wait_ms
 This function uses a non-reentrant model


 *************** function _sin *****************
 Defined at:
		line 13 in file "C:\Program Files (x86)\Microchip\xc8\v1.37\sources\common\sin.c"
 Parameters:    Size  Location     Type
  f               3   43[BANK1 ] unsigned long 
 Auto vars:     Size  Location     Type
  x2              3   52[BANK1 ] unsigned long 
  y               3   46[BANK1 ] unsigned long 
  sgn             1   55[BANK1 ] unsigned char 
 Return value:  Size  Location     Type
                  3   43[BANK1 ] unsigned char 
 Registers used:
		wreg, fsr0l, fsr0h, fsr1l, fsr1h, status,2, status,0, pclath, cstack
 Tracked objects:
		On entry : 
		On exit  : 
		Unchanged: 
 Data sizes:     COMMON   BANK0   BANK1   BANK2   BANK3   BANK4   BANK5   BANK6   BANK7   BANK8   BANK9  BANK10  BANK11  BANK12  BANK13  BANK14  BANK15  BANK16  BANK17  BANK18
      Params:         0       0       3       0       0       0       0       0       0       0       0       0       0       0       0       0       0       0       0       0
      Locals:         0       0      10       0       0       0       0       0       0       0       0       0       0       0       0       0       0       0       0       0
      Temps:          0       1       0       0       0       0       0       0       0       0       0       0       0       0       0       0       0       0       0       0
      Totals:         0       1      13       0       0       0       0       0       0       0       0       0       0       0       0       0       0       0       0       0
Total ram usage:       14 bytes
 Hardware stack levels used:    1
 Hardware stack levels required when called:    5
 This function calls:
		___ftadd
		___ftdiv
		___ftge
		___ftmul
[...]
Total ram usage:        0 bytes
 Hardware stack levels used:    1
 Hardware stack levels required when called:    2
 This function calls:
		Nothing
 This function is called by:
		_init_pwm
 This function uses a non-reentrant model


 *************** function _init_timer0 *****************
 Defined at:
		line 243 in file "user.c"
 Parameters:    Size  Location     Type
		None
 Auto vars:     Size  Location     Type
		None
 Return value:  Size  Location     Type
                  1    wreg      void 
 Registers used:
		None
 Tracked objects:
		On entry : 
		On exit  : 
		Unchanged: 
 Data sizes:     COMMON   BANK0   BANK1   BANK2   BANK3   BANK4   BANK5   BANK6   BANK7   BANK8   BANK9  BANK10  BANK11  BANK12  BANK13  BANK14  BANK15  BANK16  BANK17  BANK18
      Params:         0       0       0       0       0       0       0       0       0       0       0       0       0       0       0       0       0       0       0       0
      Locals:         0       0       0       0       0       0       0       0       0       0       0       0       0       0       0       0       0       0       0       0
      Temps:          0       0       0       0       0       0       0       0       0       0       0       0       0       0       0       0       0       0       0       0
      Totals:         0       0       0       0       0       0       0       0       0       0       0       0       0       0       0       0       0       0       0       0
Total ram usage:        0 bytes
 Hardware stack levels used:    1
 Hardware stack levels required when called:    2
 This function calls:
		Nothing
 This function is called by:
		_init_pwm
 This function uses a non-reentrant model


 *************** function _init_adc *****************
 Defined at:
		line 189 in file "user.c"
 Parameters:    Size  Location     Type
		None
 Auto vars:     Size  Location     Type
		None
 Return value:  Size  Location     Type
                  1    wreg      void 
 Registers used:
		wreg, status,2, status,0
 Tracked objects:
		On entry : 
		On exit  : 
		Unchanged: 
 Data sizes:     COMMON   BANK0   BANK1   BANK2   BANK3   BANK4   BANK5   BANK6   BANK7   BANK8   BANK9  BANK10  BANK11  BANK12  BANK13  BANK14  BANK15  BANK16  BANK17  BANK18
      Params:         0       0       0       0       0       0       0       0       0       0       0       0       0       0       0       0       0       0       0       0
      Locals:         0       0       0       0       0       0       0       0       0       0       0       0       0       0       0       0       0       0       0       0
      Temps:          0       0       0       0       0       0       0       0       0       0       0       0       0       0       0       0       0       0       0       0
      Totals:         0       0       0       0       0       0       0       0       0       0       0       0       0       0       0       0       0       0       0       0
Total ram usage:        0 bytes
 Hardware stack levels used:    1
 Hardware stack levels required when called:    2
 This function calls:
		Nothing
 This function is called by:
		_InitApp
 This function uses a non-reentrant model


 *************** function _FLASH_WriteWord *****************
 Defined at:
		line 74 in file "memory.c"
 Parameters:    Size  Location     Type
  flashAddr       2   13[BANK0 ] unsigned int 
  ramBuf          1   15[BANK0 ] PTR unsigned int 
		 -> myBuf(64), 
  word            2   16[BANK0 ] unsigned int 
 Auto vars:     Size  Location     Type
  blockStartAd    2   20[BANK0 ] unsigned int 
  i               1   22[BANK0 ] unsigned char 
  offset          1   19[BANK0 ] unsigned char 
 Return value:  Size  Location     Type
                  1    wreg      void 
 Registers used:
		wreg, fsr1l, fsr1h, status,2, status,0, pclath, cstack
 Tracked objects:
		On entry : 
		On exit  : 
		Unchanged: 
 Data sizes:     COMMON   BANK0   BANK1   BANK2   BANK3   BANK4   BANK5   BANK6   BANK7   BANK8   BANK9  BANK10  BANK11  BANK12  BANK13  BANK14  BANK15  BANK16  BANK17  BANK18
      Params:         0       5       0       0       0       0       0       0       0       0       0       0       0       0       0       0       0       0       0       0
      Locals:         0       4       0       0       0       0       0       0       0       0       0       0       0       0       0       0       0       0       0       0
      Temps:          0       1       0       0       0       0       0       0       0       0       0       0       0       0       0       0       0       0       0       0
      Totals:         0      10       0       0       0       0       0       0       0       0       0       0       0       0       0       0       0       0       0       0
Total ram usage:       10 bytes
 Hardware stack levels used:    1
 Hardware stack levels required when called:    4
 This function calls:
		_FLASH_ReadWord
		_FLASH_WriteBlock
 This function is called by:
		_main
 This function uses a non-reentrant model


 *************** function _FLASH_WriteBlock *****************
 Defined at:
		line 91 in file "memory.c"
 Parameters:    Size  Location     Type
  writeAddr       2    3[BANK0 ] unsigned int 
  flashWordArr    1    5[BANK0 ] PTR unsigned int 
		 -> myBuf(64), 
 Auto vars:     Size  Location     Type
  blockStartAd    2    9[BANK0 ] unsigned int 
  i               1   12[BANK0 ] unsigned char 
  GIEBitValue     1   11[BANK0 ] unsigned char 
 Return value:  Size  Location     Type
                  1    wreg      char 
 Registers used:
		wreg, fsr1l, fsr1h, status,2, status,0, pclath, cstack
 Tracked objects:
		On entry : 
		On exit  : 
		Unchanged: 
 Data sizes:     COMMON   BANK0   BANK1   BANK2   BANK3   BANK4   BANK5   BANK6   BANK7   BANK8   BANK9  BANK10  BANK11  BANK12  BANK13  BANK14  BANK15  BANK16  BANK17  BANK18
      Params:         0       3       0       0       0       0       0       0       0       0       0       0       0       0       0       0       0       0       0       0
      Locals:         0       4       0       0       0       0       0       0       0       0       0       0       0       0       0       0       0       0       0       0
      Temps:          0       3       0       0       0       0       0       0       0       0       0       0       0       0       0       0       0       0       0       0
      Totals:         0      10       0       0       0       0       0       0       0       0       0       0       0       0       0       0       0       0       0       0
Total ram usage:       10 bytes
 Hardware stack levels used:    1
 Hardware stack levels required when called:    3
 This function calls:
		_FLASH_EraseBlock
 This function is called by:
		_FLASH_WriteWord
 This function uses a non-reentrant model


 *************** function _FLASH_EraseBlock *****************
 Defined at:
		line 141 in file "memory.c"
 Parameters:    Size  Location     Type
  startAddr       2    0[BANK0 ] unsigned int 
 Auto vars:     Size  Location     Type
  GIEBitValue     1    2[BANK0 ] unsigned char 
 Return value:  Size  Location     Type
                  1    wreg      void 
 Registers used:
		wreg, status,2, status,0
 Tracked objects:
		On entry : 
		On exit  : 
		Unchanged: 
 Data sizes:     COMMON   BANK0   BANK1   BANK2   BANK3   BANK4   BANK5   BANK6   BANK7   BANK8   BANK9  BANK10  BANK11  BANK12  BANK13  BANK14  BANK15  BANK16  BANK17  BANK18
      Params:         0       2       0       0       0       0       0       0       0       0       0       0       0       0       0       0       0       0       0       0
      Locals:         0       1       0       0       0       0       0       0       0       0       0       0       0       0       0       0       0       0       0       0
      Temps:          0       0       0       0       0       0       0       0       0       0       0       0       0       0       0       0       0       0       0       0
      Totals:         0       3       0       0       0       0       0       0       0       0       0       0       0       0       0       0       0       0       0       0
Total ram usage:        3 bytes
 Hardware stack levels used:    1
 Hardware stack levels required when called:    2
 This function calls:
		Nothing
 This function is called by:
		_FLASH_WriteBlock
 This function uses a non-reentrant model


 *************** function _FLASH_ReadWord *****************
 Defined at:
		line 58 in file "memory.c"
 Parameters:    Size  Location     Type
  flashAddr       2    0[BANK0 ] unsigned int 
 Auto vars:     Size  Location     Type
  GIEBitValue     1    2[BANK0 ] unsigned char 
 Return value:  Size  Location     Type
                  2    0[BANK0 ] unsigned int 
 Registers used:
		wreg, status,2, status,0
 Tracked objects:
		On entry : 
		On exit  : 
		Unchanged: 
 Data sizes:     COMMON   BANK0   BANK1   BANK2   BANK3   BANK4   BANK5   BANK6   BANK7   BANK8   BANK9  BANK10  BANK11  BANK12  BANK13  BANK14  BANK15  BANK16  BANK17  BANK18
      Params:         0       2       0       0       0       0       0       0       0       0       0       0       0       0       0       0       0       0       0       0
      Locals:         0       1       0       0       0       0       0       0       0       0       0       0       0       0       0       0       0       0       0       0
      Temps:          0       0       0       0       0       0       0       0       0       0       0       0       0       0       0       0       0       0       0       0
      Totals:         0       3       0       0       0       0       0       0       0       0       0       0       0       0       0       0       0       0       0       0
Total ram usage:        3 bytes
 Hardware stack levels used:    1
 Hardware stack levels required when called:    2
 This function calls:
		Nothing
 This function is called by:
		_main
		_FLASH_WriteWord
 This function uses a non-reentrant model


 *************** function _ConfigureOscillator *****************
 Defined at:
		line 18 in file "system.c"
 Parameters:    Size  Location     Type
		None
 Auto vars:     Size  Location     Type
		None
 Return value:  Size  Location     Type
                  1    wreg      void 
 Registers used:
		wreg, status,2, status,0
 Tracked objects:
		On entry : 
		On exit  : 
		Unchanged: 
 Data sizes:     COMMON   BANK0   BANK1   BANK2   BANK3   BANK4   BANK5   BANK6   BANK7   BANK8   BANK9  BANK10  BANK11  BANK12  BANK13  BANK14  BANK15  BANK16  BANK17  BANK18
      Params:         0       0       0       0       0       0       0       0       0       0       0       0       0       0       0       0       0       0       0       0
      Locals:         0       0       0       0       0       0       0       0       0       0       0       0       0       0       0       0       0       0       0       0
      Temps:          0       0       0       0       0       0       0       0       0       0       0       0       0       0       0       0       0       0       0       0
      Totals:         0       0       0       0       0       0       0       0       0       0       0       0       0       0       0       0       0       0       0       0
Total ram usage:        0 bytes
 Hardware stack levels used:    1
 Hardware stack levels required when called:    2
 This function calls:
		Nothing
 This function is called by:
		_main
 This function uses a non-reentrant model


 *************** function _isr *****************
 Defined at:
		line 22 in file "interrupts.c"
 Parameters:    Size  Location     Type
		None
 Auto vars:     Size  Location     Type
		None
 Return value:  Size  Location     Type
                  1    wreg      void 
 Registers used:
		wreg, fsr0l, fsr0h, status,2, status,0, pclath, cstack
 Tracked objects:
		On entry : 
		On exit  : 
		Unchanged: 
 Data sizes:     COMMON   BANK0   BANK1   BANK2   BANK3   BANK4   BANK5   BANK6   BANK7   BANK8   BANK9  BANK10  BANK11  BANK12  BANK13  BANK14  BANK15  BANK16  BANK17  BANK18
      Params:         0       0       0       0       0       0       0       0       0       0       0       0       0       0       0       0       0       0       0       0
      Locals:         0       0       0       0       0       0       0       0       0       0       0       0       0       0       0       0       0       0       0       0
      Temps:          5       0       0       0       0       0       0       0       0       0       0       0       0       0       0       0       0       0       0       0
      Totals:         5       0       0       0       0       0       0       0       0       0       0       0       0       0       0       0       0       0       0       0
Total ram usage:        5 bytes
 Hardware stack levels used:    1
 Hardware stack levels required when called:    1
 This function calls:
		i1_set_leds_top
 This function is called by:
		Interrupt level 1
 This function uses a non-reentrant model


 *************** function i1_set_leds_top *****************
 Defined at:
		line 142 in file "user.c"
 Parameters:    Size  Location     Type
  x               2    0[COMMON] int 
  ledState        2    2[COMMON] int 
 Auto vars:     Size  Location     Type
		None
 Return value:  Size  Location     Type
                  1    wreg      void 
 Registers used:
		wreg, fsr0l, fsr0h, status,2, status,0
 Tracked objects:
		On entry : 
		On exit  : 
		Unchanged: 
 Data sizes:     COMMON   BANK0   BANK1   BANK2   BANK3   BANK4   BANK5   BANK6   BANK7   BANK8   BANK9  BANK10  BANK11  BANK12  BANK13  BANK14  BANK15  BANK16  BANK17  BANK18
      Params:         4       0       0       0       0       0       0       0       0       0       0       0       0       0       0       0       0       0       0       0
      Locals:         0       0       0       0       0       0       0       0       0       0       0       0       0       0       0       0       0       0       0       0
      Temps:          0       0       0       0       0       0       0       0       0       0       0       0       0       0       0       0       0       0       0       0
      Totals:         4       0       0       0       0       0       0       0       0       0       0       0       0       0       0       0       0       0       0       0
Total ram usage:        4 bytes
 Hardware stack levels used:    1
 This function calls:
		Nothing
 This function is called by:
		_isr
 This function uses a non-reentrant model



MODULE INFORMATION

Module		Function		Class		Link	Load	Size
C:\Program Files (x86)\Microchip\xc8\v1.37\sources\common\altoft.c
		___altoft      		CODE           	1C39	0000	62

C:\Program Files (x86)\Microchip\xc8\v1.37\sources\common\altoft.c estimated size: 62

C:\Program Files (x86)\Microchip\xc8\v1.37\sources\common\ftdiv.c
		___ftdiv       		CODE           	122A	0000	170

C:\Program Files (x86)\Microchip\xc8\v1.37\sources\common\ftdiv.c estimated size: 170

C:\Program Files (x86)\Microchip\xc8\v1.37\sources\common\ftge.c
		___ftge        		CODE           	1BC1	0000	61

C:\Program Files (x86)\Microchip\xc8\v1.37\sources\common\ftge.c estimated size: 61

C:\Program Files (x86)\Microchip\xc8\v1.37\sources\common\floor.c
		_floor         		CODE           	12D3	0000	178

C:\Program Files (x86)\Microchip\xc8\v1.37\sources\common\floor.c estimated size: 178

interrupts.c
		_isr           		CODE           	0004	0000	347

interrupts.c estimated size: 347

C:\Program Files (x86)\Microchip\xc8\v1.37\sources\common\fttol.c
		___fttol       		CODE           	11A3	0000	136

C:\Program Files (x86)\Microchip\xc8\v1.37\sources\common\fttol.c estimated size: 136

C:\Program Files (x86)\Microchip\xc8\v1.37\sources\common\Umul16.c
		___wmul        		CODE           	0801	0000	29

C:\Program Files (x86)\Microchip\xc8\v1.37\sources\common\Umul16.c estimated size: 29

C:\Program Files (x86)\Microchip\xc8\v1.37\sources\common\awdiv.c
		___awdiv       		CODE           	1DDB	0000	83

C:\Program Files (x86)\Microchip\xc8\v1.37\sources\common\awdiv.c estimated size: 83

C:\Program Files (x86)\Microchip\xc8\v1.37\sources\common\ftadd.c
		___ftadd       		CODE           	081D	0000	247

C:\Program Files (x86)\Microchip\xc8\v1.37\sources\common\ftadd.c estimated size: 247

C:\Program Files (x86)\Microchip\xc8\v1.37\sources\common\trunc.c
		_trunc         		CODE           	1E2D	0000	83

C:\Program Files (x86)\Microchip\xc8\v1.37\sources\common\trunc.c estimated size: 83

C:\Program Files (x86)\Microchip\xc8\v1.37\sources\common\aldiv.c
		___aldiv       		CODE           	1121	0000	131

C:\Program Files (x86)\Microchip\xc8\v1.37\sources\common\aldiv.c estimated size: 131

C:\Program Files (x86)\Microchip\xc8\v1.37\sources\common\Umul32.c
		___lmul        		CODE           	1A7C	0000	49

C:\Program Files (x86)\Microchip\xc8\v1.37\sources\common\Umul32.c estimated size: 49

C:\Program Files (x86)\Microchip\xc8\v1.37\sources\common\ftneg.c
		___ftneg       		CODE           	1954	0000	10

C:\Program Files (x86)\Microchip\xc8\v1.37\sources\common\ftneg.c estimated size: 10

shared
		__initialization		CODE           	0160	0000	191
		i1_set_leds_top		CODE           	1E7F	0000	90
		sin@coeff_a    		STRCODE        	2000	0000	16
		sin@coeff_b    		STRCODE        	200F	0000	13

shared estimated size: 310

C:\Program Files (x86)\Microchip\xc8\v1.37\sources\common\ftsub.c
		___ftsub       		CODE           	1A1E	0000	47

C:\Program Files (x86)\Microchip\xc8\v1.37\sources\common\ftsub.c estimated size: 47

C:\Program Files (x86)\Microchip\xc8\v1.37\sources\common\round.c
		_round         		CODE           	10B0	0000	114

C:\Program Files (x86)\Microchip\xc8\v1.37\sources\common\round.c estimated size: 114

C:\Program Files (x86)\Microchip\xc8\v1.37\sources\common\awtoft.c
		___awtoft      		CODE           	19FC	0000	35

C:\Program Files (x86)\Microchip\xc8\v1.37\sources\common\awtoft.c estimated size: 35

user.c
		_map           		CODE           	1438	0000	186
		_set_leds_bottom		CODE           	1CF5	0000	71
		_InitApp       		CODE           	1A4C	0000	49
		_init_timer0   		CODE           	1944	0000	8
		_init_timer2   		CODE           	194B	0000	10
		_init_adc      		CODE           	195D	0000	11
		_adc_convert   		CODE           	19A3	0000	26
		_set_subdivision		CODE           	06F9	0000	260
		_modulation    		CODE           	1C76	0000	63
		_init_pwm      		CODE           	1CB4	0000	66
		_set_leds_top  		CODE           	1F38	0000	100

user.c estimated size: 850

C:\Program Files (x86)\Microchip\xc8\v1.37\sources\common\frexp.c
		_frexp         		CODE           	1ADD	0000	55

C:\Program Files (x86)\Microchip\xc8\v1.37\sources\common\frexp.c estimated size: 55

C:\Program Files (x86)\Microchip\xc8\v1.37\sources\common\evalpoly.c
		_eval_poly     		CODE           	1ED8	0000	97

C:\Program Files (x86)\Microchip\xc8\v1.37\sources\common\evalpoly.c estimated size: 97

C:\Program Files (x86)\Microchip\xc8\v1.37\sources\common\float.c
		___ftpack      		CODE           	1F9B	0000	102

C:\Program Files (x86)\Microchip\xc8\v1.37\sources\common\float.c estimated size: 102

main.c
		_main          		CODE           	14F1	0000	2809

main.c estimated size: 2809

memory.c
		_FLASH_EraseBlock		CODE           	19DC	0000	33
		_FLASH_ReadWord		CODE           	19BC	0000	33
		_FLASH_WriteBlock		CODE           	1045	0000	108
		_FLASH_WriteWord		CODE           	1000	0000	70

memory.c estimated size: 244

system.c
		_ConfigureOscillator		CODE           	1940	0000	5
		_wait_ms       		CODE           	1AAC	0000	50

system.c estimated size: 55

C:\Program Files (x86)\Microchip\xc8\v1.37\sources\common\sin.c
		_sin           		CODE           	1623	0000	478

C:\Program Files (x86)\Microchip\xc8\v1.37\sources\common\sin.c estimated size: 478

C:\Program Files (x86)\Microchip\xc8\v1.37\sources\common\ftmul.c
		___ftmul       		CODE           	1384	0000	181

C:\Program Files (x86)\Microchip\xc8\v1.37\sources\common\ftmul.c estimated size: 181

