Microchip MPLAB XC8 Compiler V1.37 ()

Linker command line:

-W-3 --edf=C:\Program Files (x86)\Microchip\xc8\v1.37\dat\en_msgs.txt -cs \
  -h+dist/Todd/production\Expanse.X.production.sym \
  --cmf=dist/Todd/production\Expanse.X.production.cmf -z -Q16F1527 \
  -oC:\Users\Todd\AppData\Local\Temp\s8m0.2 \
  -Mdist/Todd/production/Expanse.X.production.map -E1 -ver=XC8 \
  -ASTACK=0235Ah-02377h -pstack=STACK -ACODE=00h-07FFhx8 \
  -ASTRCODE=00h-03FFFh -ASTRING=00h-0FFhx64 -ACONST=00h-0FFhx64 \
  -AENTRY=00h-0FFhx64 -ACOMMON=070h-07Fh -ABANK0=020h-06Fh \
  -ABANK1=0A0h-0EFh -ABANK2=0120h-016Fh -ABANK3=01A0h-01EFh \
  -ABANK4=0220h-026Fh -ABANK5=02A0h-02EFh -ABANK6=0320h-036Fh \
  -ABANK7=03A0h-03EFh -ABANK8=0420h-046Fh -ABANK9=04A0h-04EFh \
  -ABANK10=0520h-056Fh -ABANK11=05A0h-05EFh -ABANK12=0620h-066Fh \
  -ABANK13=06A0h-06EFh -ABANK14=0720h-076Fh -ABANK15=07A0h-07EFh \
  -ABANK16=0820h-086Fh -ABANK17=08A0h-08EFh -ABANK18=0920h-096Fh \
  -ABIGRAM=02000h-025EFh \
  -ARAM=020h-06Fh,0A0h-0EFh,0120h-016Fh,01A0h-01EFh,0220h-026Fh,02A0h-02EFh,0320h-036Fh,03A0h-03EFh,0420h-046Fh,04A0h-04EFh,0520h-056Fh,05A0h-05EFh,0620h-066Fh,06A0h-06EFh,0720h-076Fh,07A0h-07EFh,0820h-086Fh,08A0h-08EFh,0920h-096Fh \
  -AABS1=020h-07Fh,0A0h-0EFh,0120h-016Fh,01A0h-01EFh,0220h-026Fh,02A0h-02EFh,0320h-036Fh,03A0h-03EFh,0420h-046Fh,04A0h-04EFh,0520h-056Fh,05A0h-05EFh,0620h-066Fh,06A0h-06EFh,0720h-076Fh,07A0h-07EFh,0820h-086Fh,08A0h-08EFh,0920h-096Fh \
  -ASFR0=00h-01Fh -ASFR1=080h-09Fh -ASFR2=0100h-011Fh -ASFR3=0180h-019Fh \
  -ASFR4=0200h-021Fh -ASFR5=0280h-029Fh -ASFR6=0300h-031Fh \
  -ASFR7=0380h-039Fh -ASFR8=0400h-041Fh -ASFR9=0480h-049Fh \
  -ASFR10=0500h-051Fh -ASFR11=0580h-059Fh -ASFR12=0600h-061Fh \
  -ASFR13=0680h-069Fh -ASFR14=0700h-071Fh -ASFR15=0780h-079Fh \
  -ASFR16=0800h-081Fh -ASFR17=0880h-089Fh -ASFR18=0900h-091Fh \
  -ASFR19=0980h-09EFh -ASFR20=0A00h-0A6Fh -ASFR21=0A80h-0AEFh \
  -ASFR22=0B00h-0B6Fh -ASFR23=0B80h-0BEFh -ASFR24=0C00h-0C6Fh \
  -ASFR25=0C80h-0CEFh -ASFR26=0D00h-0D6Fh -ASFR27=0D80h-0DEFh \
  -ASFR28=0E00h-0E6Fh -ASFR29=0E80h-0EEFh -ASFR30=0F00h-0F6Fh \
  -ASFR31=0F80h-0FEFh -preset_vec=00h,intentry=04h,init,end_init \
  -ppowerup=CODE -pcinit=CODE -pfunctab=CODE -ACONFIG=08007h-08008h \
  -pconfig=CONFIG -DCONFIG=2 -AIDLOC=08000h-08003h -pidloc=IDLOC -DIDLOC=2 \
  -DCODE=2 -DSTRCODE=2 -DSTRING=2 -DCONST=2 -DENTRY=2 -k \
  C:\Users\Todd\AppData\Local\Temp\s8m0.obj \
  dist/Todd/production\Expanse.X.production.obj 

Object code version is 3.11

Machine type is 16F1527



                Name                               Link     Load   Length Selector   Space Scale
C:\Users\Todd\AppData\Local\Temp\s8m0.obj
                end_init                             E5       E5        2        8       0
                reset_vec                             0        0        2        0       0
                config                             8007     8007        2    1000E       0
dist/Todd/production\Expanse.X.production.obj
                cinit                                E7       E7       B7        8       0
                intentry                              4        4       E1        8       0
                maintext_split_1                    416      416      16A        8       0
                text31                             14AA     14AA       59     2954       0
                text29                              7FA      7FA        4        8       0
                text28                             10B8     10B8       20     2170       0
                text27                             10D8     10D8       20     21B0       0
                text26                             15CB     15CB       6B     2B96       0
                text25                             132D     132D       45     265A       0
                text24                             1041     1041        A     2082       0
                text23                              800      800        7     1000       0
                text22                             102F     102F        9     205E       0
                text21                             12EC     12EC       41     25D8       0
                text20                             10F8     10F8       30     21F0       0
                text19                             1566     1566       65     2ACC       0
                text18                             1271     1271       3D     24E2       0
                text17                             1458     1458       52     28B0       0
                text16                             1083     1083       19     2106       0
                text15                              679      679       F6        8       0
                text14                             1757     1757       A9     2EAE       0
                text13                              829      829       B4     1052       0
                text12                             1038     1038        9     2070       0
                text11                              76F      76F       8B        8       0
                text10                             1636     1636       82     2C6C       0
                text9                              109C     109C       1C     2138       0
                text8                              12AE     12AE       3E     255C       0
                text7                              1372     1372       46     26E4       0
                text6                              1503     1503       63     2A06       0
                text5                               807      807       22     100E       0
                text4                              16B8     16B8       9F     2D70       0
                text3                               580      580       F9        8       0
                text2                              1128     1128       30     2250       0
                text1                              1158     1158       31     22B0       0
                maintext                            8DD      8DD      723     11BA       0
                cstackBANK0                          20       20       4F       20       1
                cstackCOMMON                         70       70        9       70       1
                cstackBANK1                          A0       A0       25       A0       1
                inittext                           104B     104B        C     2096       0
                clrtext                            1057     1057        C     20AE       0
                dataBANK10                          520      520       3A      520       1
                dataBANK9                           4A0      4A0       50      4A0       1
                dataBANK8                           420      420       50      420       1
                dataBANK7                           3A0      3A0       3A      3A0       1
                dataBANK6                           320      320       3A      320       1
                dataBANK5                           2A0      2A0       3A      2A0       1
                bssBANK4                            220      220       40      220       1
                bssBANK3                            1A0      1A0       44      1A0       1
                dataBANK2                           15E      15E       10      120       1
                bssBANK2                            120      120       3E      120       1
                dataBANK1                            DF       DF       10       A0       1
                bssBANK1                             C5       C5       1A       A0       1
                dataCOMMON                           7B       7B        2       70       1
                bssCOMMON                            79       79        2       70       1
                idataBIGRAM                         19E      19E      278        8       0
                idataBANK10                        1189     1189       3A     2312       0
                idataBANK9                         13B8     13B8       50     2770       0
                idataBANK8                         1408     1408       50     2810       0
                idataBANK7                         11C3     11C3       3A     2386       0
                idataBANK6                         11FD     11FD       3A     23FA       0
                idataBANK5                         1237     1237       3A     246E       0
                idataBANK2                         1063     1063       10     20C6       0
                idataBANK1                         1073     1073       10     20E6       0
                idataCOMMON                         7FE      7FE        2        8       0

TOTAL           Name                               Link     Load   Length     Space
        CLASS   STACK          

        CLASS   CODE           
                end_init                             E5       E5        2         0
                cinit                                E7       E7       B7         0
                intentry                              4        4       E1         0
                reset_vec                             0        0        2         0
                maintext_split_1                    416      416      16A         0
                text31                             14AA     14AA       59         0
                text29                              7FA      7FA        4         0
                text28                             10B8     10B8       20         0
                text27                             10D8     10D8       20         0
                text26                             15CB     15CB       6B         0
                text25                             132D     132D       45         0
                text24                             1041     1041        A         0
                text23                              800      800        7         0
                text22                             102F     102F        9         0
                text21                             12EC     12EC       41         0
                text20                             10F8     10F8       30         0
                text19                             1566     1566       65         0
                text18                             1271     1271       3D         0
                text17                             1458     1458       52         0
                text16                             1083     1083       19         0
                text15                              679      679       F6         0
                text14                             1757     1757       A9         0
                text13                              829      829       B4         0
                text12                             1038     1038        9         0
                text11                              76F      76F       8B         0
                text10                             1636     1636       82         0
                text9                              109C     109C       1C         0
                text8                              12AE     12AE       3E         0
                text7                              1372     1372       46         0
                text6                              1503     1503       63         0
                text5                               807      807       22         0
                text4                              16B8     16B8       9F         0
                text3                               580      580       F9         0
                text2                              1128     1128       30         0
                text1                              1158     1158       31         0
                maintext                            8DD      8DD      723         0
                inittext                           104B     104B        C         0
                clrtext                            1057     1057        C         0
                idataBIGRAM                         19E      19E      278         0
                idataBANK10                        1189     1189       3A         0
                idataBANK9                         13B8     13B8       50         0
                idataBANK8                         1408     1408       50         0
                idataBANK7                         11C3     11C3       3A         0
                idataBANK6                         11FD     11FD       3A         0
                idataBANK5                         1237     1237       3A         0
                idataBANK2                         1063     1063       10         0
                idataBANK1                         1073     1073       10         0
                idataCOMMON                         7FE      7FE        2         0

        CLASS   STRCODE        

        CLASS   STRING         

        CLASS   CONST          

        CLASS   ENTRY          

        CLASS   COMMON         
                cstackCOMMON                         70       70        9         1
                dataCOMMON                           7B       7B        2         1
                bssCOMMON                            79       79        2         1

        CLASS   BANK0          
                cstackBANK0                          20       20       4F         1

        CLASS   BANK1          
                cstackBANK1                          A0       A0       25         1
                dataBANK1                            DF       DF       10         1
                bssBANK1                             C5       C5       1A         1

        CLASS   BANK2          
                dataBANK2                           15E      15E       10         1
                bssBANK2                            120      120       3E         1

        CLASS   BANK3          
                bssBANK3                            1A0      1A0       44         1

        CLASS   BANK4          
                bssBANK4                            220      220       40         1

        CLASS   BANK5          
                dataBANK5                           2A0      2A0       3A         1

        CLASS   BANK6          
                dataBANK6                           320      320       3A         1

        CLASS   BANK7          
                dataBANK7                           3A0      3A0       3A         1

        CLASS   BANK8          
                dataBANK8                           420      420       50         1

        CLASS   BANK9          
                dataBANK9                           4A0      4A0       50         1

        CLASS   BANK10         
                dataBANK10                          520      520       3A         1

        CLASS   BANK11         

        CLASS   BANK12         

        CLASS   BANK13         

        CLASS   BANK14         

        CLASS   BANK15         

        CLASS   BANK16         

        CLASS   BANK17         

        CLASS   BANK18         

        CLASS   BIGRAM         

        CLASS   RAM            

        CLASS   ABS1           
                abs_s1                               7E       7E        2         1
                abs_s1                              5A8      5A8       48         1
                abs_s1                              620      620       50         1
                abs_s1                              6A0      6A0       50         1
                abs_s1                              720      720       50         1
                abs_s1                              7A0      7A0       50         1
                abs_s1                              820      820       50         1
                abs_s1                              8A0      8A0       50         1
                abs_s1                              920      920       50         1
                abs_s1                             2378     2378        0         1
                abs_s1                             2576     2576        0         1

        CLASS   SFR0           

        CLASS   SFR1           

        CLASS   SFR2           

        CLASS   SFR3           

        CLASS   SFR4           

        CLASS   SFR5           

        CLASS   SFR6           

        CLASS   SFR7           

        CLASS   SFR8           

        CLASS   SFR9           

        CLASS   SFR10          

        CLASS   SFR11          

        CLASS   SFR12          

        CLASS   SFR13          

        CLASS   SFR14          

        CLASS   SFR15          

        CLASS   SFR16          

        CLASS   SFR17          

        CLASS   SFR18          

        CLASS   SFR19          

        CLASS   SFR20          

        CLASS   SFR21          

        CLASS   SFR22          

        CLASS   SFR23          

        CLASS   SFR24          

        CLASS   SFR25          

        CLASS   SFR26          

        CLASS   SFR27          

        CLASS   SFR28          

        CLASS   SFR29          

        CLASS   SFR30          

        CLASS   SFR31          

        CLASS   CONFIG         
                config                             8007     8007        2         0

        CLASS   IDLOC          

        CLASS   BANK31         

        CLASS   BANK30         

        CLASS   BANK29         

        CLASS   BANK28         

        CLASS   BANK27         

        CLASS   BANK26         

        CLASS   BANK25         

        CLASS   BANK24         

        CLASS   BANK23         

        CLASS   BANK22         

        CLASS   BANK21         

        CLASS   BANK20         

        CLASS   BANK19         

        CLASS   EEDATA         



SEGMENTS        Name                           Load    Length   Top    Selector   Space  Class     Delta

                reset_vec                      000000  000002  000002         0       0  CODE        2
                intentry                       000004  0007FC  000800         8       0  CODE        2
                cstackBANK0                    000020  00004F  00006F        20       1  BANK0       1
                cstackCOMMON                   000070  00000D  00007D        70       1  COMMON      1
                cstackBANK1                    0000A0  00004F  0000EF        A0       1  BANK1       1
                bssBANK2                       000120  00004E  00016E       120       1  BANK2       1
                bssBANK3                       0001A0  000044  0001E4       1A0       1  BANK3       1
                bssBANK4                       000220  000040  000260       220       1  BANK4       1
                dataBANK5                      0002A0  00003A  0002DA       2A0       1  BANK5       1
                dataBANK6                      000320  00003A  00035A       320       1  BANK6       1
                dataBANK7                      0003A0  00003A  0003DA       3A0       1  BANK7       1
                dataBANK8                      000420  000050  000470       420       1  BANK8       1
                dataBANK9                      0004A0  000050  0004F0       4A0       1  BANK9       1
                dataBANK10                     000520  00003A  00055A       520       1  BANK10      1
                text23                         000800  000007  000807      1000       0  CODE        2
                text5                          000807  000022  000829      100E       0  CODE        2
                text13                         000829  0000B4  0008DD      1052       0  CODE        2
                maintext                       0008DD  000723  001000      11BA       0  CODE        2
                text22                         00102F  000009  001038      205E       0  CODE        2
                text12                         001038  000009  001041      2070       0  CODE        2
                text24                         001041  00000A  00104B      2082       0  CODE        2
                inittext                       00104B  00000C  001057      2096       0  CODE        2
                clrtext                        001057  00000C  001063      20AE       0  CODE        2
                idataBANK2                     001063  000010  001073      20C6       0  CODE        2
                idataBANK1                     001073  000010  001083      20E6       0  CODE        2
                text16                         001083  000019  00109C      2106       0  CODE        2
                text9                          00109C  00001C  0010B8      2138       0  CODE        2
                text28                         0010B8  000020  0010D8      2170       0  CODE        2
                text27                         0010D8  000020  0010F8      21B0       0  CODE        2
                text20                         0010F8  000030  001128      21F0       0  CODE        2
                text2                          001128  000030  001158      2250       0  CODE        2
                text1                          001158  000031  001189      22B0       0  CODE        2
                idataBANK10                    001189  00003A  0011C3      2312       0  CODE        2
                idataBANK7                     0011C3  00003A  0011FD      2386       0  CODE        2
                idataBANK6                     0011FD  00003A  001237      23FA       0  CODE        2
                idataBANK5                     001237  00003A  001271      246E       0  CODE        2
                text18                         001271  00003D  0012AE      24E2       0  CODE        2
                text8                          0012AE  00003E  0012EC      255C       0  CODE        2
                text21                         0012EC  000041  00132D      25D8       0  CODE        2
                text25                         00132D  000045  001372      265A       0  CODE        2
                text7                          001372  000046  0013B8      26E4       0  CODE        2
                idataBANK9                     0013B8  000050  001408      2770       0  CODE        2
                idataBANK8                     001408  000050  001458      2810       0  CODE        2
                text17                         001458  000052  0014AA      28B0       0  CODE        2
                text31                         0014AA  000059  001503      2954       0  CODE        2
                text6                          001503  000063  001566      2A06       0  CODE        2
                text19                         001566  000065  0015CB      2ACC       0  CODE        2
                text26                         0015CB  00006B  001636      2B96       0  CODE        2
                text10                         001636  000082  0016B8      2C6C       0  CODE        2
                text4                          0016B8  00009F  001757      2D70       0  CODE        2
                text14                         001757  0000A9  001800      2EAE       0  CODE        2
                config                         008007  000002  008009     1000E       0  CONFIG      2


UNUSED ADDRESS RANGES

        Name                Unused          Largest block    Delta
        BANK0            00006F-00006F                1           1
        BANK1            0000EF-0000EF                1           1
        BANK10           00055A-00056F               16           1
        BANK11           0005A0-0005A7                8           1
        BANK2            00016E-00016F                2           1
        BANK3            0001E4-0001EF                C           1
        BANK4            000260-00026F               10           1
        BANK5            0002DA-0002EF               16           1
        BANK6            00035A-00036F               16           1
        BANK7            0003DA-0003EF               16           1
        BIGRAM           002000-0025EF              5F0           1
        CODE             000002-000003                2           2
                         001000-00102E               2F
                         001800-003FFF              800
        COMMON           00007D-00007D                1           1
        CONST            000002-000003                2           2
                         001000-00102E               2F
                         001800-003FFF              100
        ENTRY            000002-000003                2           2
                         001000-00102E               2F
                         001800-003FFF              100
        IDLOC            008000-008003                4           2
        RAM              00006F-00006F                1           1
                         0000EF-0000EF                1
                         00016E-00016F                2
                         0001E4-0001EF                C
                         000260-00026F               10
                         0002DA-0002EF               16
                         00035A-00036F               16
                         0003DA-0003EF               16
                         00055A-00056F               16
                         0005A0-0005A7                8
        SFR0             000000-00001F               20           1
        SFR1             000080-00009F               20           1
        SFR10            000500-00051F               20           1
        SFR11            000580-00059F               20           1
        SFR12            000600-00061F               20           1
        SFR13            000680-00069F               20           1
        SFR14            000700-00071F               20           1
        SFR15            000780-00079F               20           1
        SFR16            000800-00081F               20           1
        SFR17            000880-00089F               20           1
        SFR18            000900-00091F               20           1
        SFR19            000980-0009EF               70           1
        SFR2             000100-00011F               20           1
        SFR20            000A00-000A6F               70           1
        SFR21            000A80-000AEF               70           1
        SFR22            000B00-000B6F               70           1
        SFR23            000B80-000BEF               70           1
        SFR24            000C00-000C6F               70           1
        SFR25            000C80-000CEF               70           1
        SFR26            000D00-000D6F               70           1
        SFR27            000D80-000DEF               70           1
        SFR28            000E00-000E6F               70           1
        SFR29            000E80-000EEF               70           1
        SFR3             000180-00019F               20           1
        SFR30            000F00-000F6F               70           1
        SFR31            000F80-000FEF               70           1
        SFR4             000200-00021F               20           1
        SFR5             000280-00029F               20           1
        SFR6             000300-00031F               20           1
        SFR7             000380-00039F               20           1
        SFR8             000400-00041F               20           1
        SFR9             000480-00049F               20           1
        STACK            00235A-002377               1E           1
        STRCODE          000002-000003                2           2
                         001000-00102E               2F
                         001800-003FFF             2800
        STRING           000002-000003                2           2
                         001000-00102E               2F
                         001800-003FFF              100

                                  Symbol Table

?_FLASH_ReadWord                cstackBANK0      000020
?___aldiv                       cstackBANK0      000026
?___altoft                      cstackBANK0      000028
?___awdiv                       cstackBANK0      000020
?___awtoft                      cstackBANK0      000028
?___ftadd                       cstackBANK0      000028
?___ftdiv                       cstackBANK0      000045
?___ftmul                       cstackBANK0      000035
?___ftneg                       cstackBANK0      000020
?___ftpack                      cstackBANK0      000020
?___fttol                       cstackBANK0      000067
?___lmul                        cstackBANK0      000020
?___wmul                        cstackBANK0      000020
?_adc_convert                   cstackBANK0      000020
?_map                           cstackBANK0      000055
?_modulation                    cstackBANK0      000035
?_set_subdivision               cstackBANK1      0000A6
FLASH_EraseBlock@GIEBitValue    cstackBANK0      000022
FLASH_EraseBlock@startAddr      cstackBANK0      000020
FLASH_ReadWord@GIEBitValue      cstackBANK0      000022
FLASH_ReadWord@flashAddr        cstackBANK0      000020
FLASH_WriteBlock@GIEBitValue    cstackBANK0      00002B
FLASH_WriteBlock@blockStartAddr cstackBANK0      000029
FLASH_WriteBlock@flashWordArray cstackBANK0      000025
FLASH_WriteBlock@i              cstackBANK0      00002C
FLASH_WriteBlock@writeAddr      cstackBANK0      000023
FLASH_WriteWord@blockStartAddr  cstackBANK0      000034
FLASH_WriteWord@flashAddr       cstackBANK0      00002D
FLASH_WriteWord@i               cstackBANK0      000036
FLASH_WriteWord@offset          cstackBANK0      000033
FLASH_WriteWord@ramBuf          cstackBANK0      00002F
FLASH_WriteWord@word            cstackBANK0      000030
_ADCON0bits                     (abs)            00009D
_ADCON1bits                     (abs)            00009E
_ADRESH                         (abs)            00009C
_ADRESL                         (abs)            00009B
_ANSELBbits                     (abs)            00018D
_ANSELEbits                     (abs)            000190
_APFCONbits                     (abs)            00011D
_B25k                           dataBANK8        000420
_CCP10CONbits                   (abs)            00061F
_CCP1CONbits                    (abs)            000293
_CCP2CONbits                    (abs)            00029A
_CCP3CONbits                    (abs)            000313
_CCP4CONbits                    (abs)            00031A
_CCP5CONbits                    (abs)            00031E
_CCP6CONbits                    (abs)            000613
_CCP7CONbits                    (abs)            000616
_CCP8CONbits                    (abs)            000619
_CCP9CONbits                    (abs)            00061C
_CCPR1                          (abs)            000291
_CCPR2                          (abs)            000298
_CCPR3                          (abs)            000311
_CCPR4                          (abs)            000318
_CCPR5                          (abs)            00031C
_CCPR9                          (abs)            00061A
_CCPTMRS0                       (abs)            00029D
_CCPTMRS1                       (abs)            00029E
_CCPTMRS2                       (abs)            00029F
_ConfigureOscillator            text29           0007FA
_FLASH_EraseBlock               text27           0010D8
_FLASH_ReadWord                 text28           0010B8
_FLASH_WriteBlock               text26           0015CB
_FLASH_WriteWord                text25           00132D
_INTCONbits                     (abs)            00000B
_InitApp                        text20           0010F8
_LATBbits                       (abs)            00010D
_LATCbits                       (abs)            00010E
_LATDbits                       (abs)            00010F
_LATFbits                       (abs)            00038C
_LATGbits                       (abs)            00038D
_OPTION_REGbits                 (abs)            000095
_OSCCONbits                     (abs)            000099
_PMADRH                         (abs)            000192
_PMADRL                         (abs)            000191
_PMCON1bits                     (abs)            000195
_PMCON2                         (abs)            000196
_PMDATH                         (abs)            000194
_PMDATL                         (abs)            000193
_PORTBbits                      (abs)            00000D
_PORTDbits                      (abs)            00000F
_PORTEbits                      (abs)            000010
_PR2                            (abs)            00001B
_T2CONbits                      (abs)            00001C
_TRISBbits                      (abs)            00008D
_TRISCbits                      (abs)            00008E
_TRISDbits                      (abs)            00008F
_TRISEbits                      (abs)            000090
_TRISFbits                      (abs)            00030C
_TRISGbits                      (abs)            00030D
__CFG_BOREN$ON                  (abs)            000000
__CFG_BORV$LO                   (abs)            000000
__CFG_CLKOUTEN$OFF              (abs)            000000
__CFG_CP$OFF                    (abs)            000000
__CFG_FCMEN$ON                  (abs)            000000
__CFG_FOSC$HS                   (abs)            000000
__CFG_IESO$ON                   (abs)            000000
__CFG_LPBOR$OFF                 (abs)            000000
__CFG_LVP$OFF                   (abs)            000000
__CFG_MCLRE$ON                  (abs)            000000
__CFG_PWRTE$OFF                 (abs)            000000
__CFG_STVREN$ON                 (abs)            000000
__CFG_VCAPEN$OFF                (abs)            000000
__CFG_WDTE$OFF                  (abs)            000000
__CFG_WRT$OFF                   (abs)            000000
__Habs1                         abs1             000000
__Hbank0                        bank0            000000
__Hbank1                        bank1            000000
__Hbank10                       bank10           000000
__Hbank11                       bank11           000000
__Hbank12                       bank12           000000
__Hbank13                       bank13           000000
__Hbank14                       bank14           000000
__Hbank15                       bank15           000000
__Hbank16                       bank16           000000
__Hbank17                       bank17           000000
__Hbank18                       bank18           000000
__Hbank19                       bank19           000000
__Hbank2                        bank2            000000
__Hbank20                       bank20           000000
__Hbank21                       bank21           000000
__Hbank22                       bank22           000000
__Hbank23                       bank23           000000
__Hbank24                       bank24           000000
__Hbank25                       bank25           000000
__Hbank26                       bank26           000000
__Hbank27                       bank27           000000
__Hbank28                       bank28           000000
__Hbank29                       bank29           000000
__Hbank3                        bank3            000000
__Hbank30                       bank30           000000
__Hbank31                       bank31           000000
__Hbank4                        bank4            000000
__Hbank5                        bank5            000000
__Hbank6                        bank6            000000
__Hbank7                        bank7            000000
__Hbank8                        bank8            000000
__Hbank9                        bank9            000000
__Hbigram                       bigram           000000
__HbssBANK1                     bssBANK1         000000
__HbssBANK2                     bssBANK2         000000
__HbssBANK3                     bssBANK3         000000
__HbssBANK4                     bssBANK4         000000
__HbssCOMMON                    bssCOMMON        000000
__Hcinit                        cinit            00019E
__Hclrtext                      clrtext          000000
__Hcode                         code             000000
__Hcommon                       common           000000
__Hconfig                       config           008009
__HcstackBANK0                  cstackBANK0      000000
__HcstackBANK1                  cstackBANK1      000000
__HcstackCOMMON                 cstackCOMMON     000000
__HdataBANK1                    dataBANK1        000000
__HdataBANK10                   dataBANK10       000000
__HdataBANK2                    dataBANK2        000000
__HdataBANK5                    dataBANK5        000000
__HdataBANK6                    dataBANK6        000000
__HdataBANK7                    dataBANK7        000000
__HdataBANK8                    dataBANK8        000000
__HdataBANK9                    dataBANK9        000000
__HdataBIGRAM                   dataBIGRAM       000000
__HdataCOMMON                   dataCOMMON       000000
__Heeprom_data                  eeprom_data      000000
__Hend_init                     end_init         0000E7
__Hfunctab                      functab          000000
__HidataBANK1                   idataBANK1       000000
__HidataBANK10                  idataBANK10      000000
__HidataBANK2                   idataBANK2       000000
__HidataBANK5                   idataBANK5       000000
__HidataBANK6                   idataBANK6       000000
__HidataBANK7                   idataBANK7       000000
__HidataBANK8                   idataBANK8       000000
__HidataBANK9                   idataBANK9       000000
__HidataBIGRAM                  idataBIGRAM      000000
__HidataCOMMON                  idataCOMMON      000000
__Hidloc                        idloc            000000
__Hinit                         init             0000E5
__Hinittext                     inittext         000000
__Hintentry                     intentry         0000E5
__Hmaintext                     maintext         000000
__Hmaintext_split_1             maintext_split_1 000000
__Hpowerup                      powerup          000000
__Hram                          ram              000000
__Hreset_vec                    reset_vec        000002
__Hsfr0                         sfr0             000000
__Hsfr1                         sfr1             000000
__Hsfr10                        sfr10            000000
__Hsfr11                        sfr11            000000
__Hsfr12                        sfr12            000000
__Hsfr13                        sfr13            000000
__Hsfr14                        sfr14            000000
__Hsfr15                        sfr15            000000
__Hsfr16                        sfr16            000000
__Hsfr17                        sfr17            000000
__Hsfr18                        sfr18            000000
__Hsfr19                        sfr19            000000
__Hsfr2                         sfr2             000000
__Hsfr20                        sfr20            000000
__Hsfr21                        sfr21            000000
__Hsfr22                        sfr22            000000
__Hsfr23                        sfr23            000000
__Hsfr24                        sfr24            000000
__Hsfr25                        sfr25            000000
__Hsfr26                        sfr26            000000
__Hsfr27                        sfr27            000000
__Hsfr28                        sfr28            000000
__Hsfr29                        sfr29            000000
__Hsfr3                         sfr3             000000
__Hsfr30                        sfr30            000000
__Hsfr31                        sfr31            000000
__Hsfr4                         sfr4             000000
__Hsfr5                         sfr5             000000
__Hsfr6                         sfr6             000000
__Hsfr7                         sfr7             000000
__Hsfr8                         sfr8             000000
__Hsfr9                         sfr9             000000
__Hspace_0                      (abs)            008009
__Hspace_1                      (abs)            00055A
__Hspace_2                      (abs)            000000
__Hspace_3                      (abs)            000000
__Hstack                        stack            000000
__Hstrings                      strings          000000
__Htext                         text             000000
__Labs1                         abs1             000000
__Lbank0                        bank0            000000
__Lbank1                        bank1            000000
__Lbank10                       bank10           000000
__Lbank11                       bank11           000000
__Lbank12                       bank12           000000
__Lbank13                       bank13           000000
__Lbank14                       bank14           000000
__Lbank15                       bank15           000000
__Lbank16                       bank16           000000
__Lbank17                       bank17           000000
__Lbank18                       bank18           000000
__Lbank19                       bank19           000000
__Lbank2                        bank2            000000
__Lbank20                       bank20           000000
__Lbank21                       bank21           000000
__Lbank22                       bank22           000000
__Lbank23                       bank23           000000
__Lbank24                       bank24           000000
__Lbank25                       bank25           000000
__Lbank26                       bank26           000000
__Lbank27                       bank27           000000
__Lbank28                       bank28           000000
__Lbank29                       bank29           000000
__Lbank3                        bank3            000000
__Lbank30                       bank30           000000
__Lbank31                       bank31           000000
__Lbank4                        bank4            000000
__Lbank5                        bank5            000000
__Lbank6                        bank6            000000
__Lbank7                        bank7            000000
__Lbank8                        bank8            000000
__Lbank9                        bank9            000000
__Lbigram                       bigram           000000
__LbssBANK1                     bssBANK1         000000
__LbssBANK2                     bssBANK2         000000
__LbssBANK3                     bssBANK3         000000
__LbssBANK4                     bssBANK4         000000
__LbssCOMMON                    bssCOMMON        000000
__Lcinit                        cinit            0000E7
__Lclrtext                      clrtext          000000
__Lcode                         code             000000
__Lcommon                       common           000000
__Lconfig                       config           008007
__LcstackBANK0                  cstackBANK0      000000
__LcstackBANK1                  cstackBANK1      000000
__LcstackCOMMON                 cstackCOMMON     000000
__LdataBANK1                    dataBANK1        000000
__LdataBANK10                   dataBANK10       000000
__LdataBANK2                    dataBANK2        000000
__LdataBANK5                    dataBANK5        000000
__LdataBANK6                    dataBANK6        000000
__LdataBANK7                    dataBANK7        000000
__LdataBANK8                    dataBANK8        000000
__LdataBANK9                    dataBANK9        000000
__LdataBIGRAM                   dataBIGRAM       000000
__LdataCOMMON                   dataCOMMON       000000
__Leeprom_data                  eeprom_data      000000
__Lend_init                     end_init         0000E5
__Lfunctab                      functab          000000
__LidataBANK1                   idataBANK1       000000
__LidataBANK10                  idataBANK10      000000
__LidataBANK2                   idataBANK2       000000
__LidataBANK5                   idataBANK5       000000
__LidataBANK6                   idataBANK6       000000
__LidataBANK7                   idataBANK7       000000
__LidataBANK8                   idataBANK8       000000
__LidataBANK9                   idataBANK9       000000
__LidataBIGRAM                  idataBIGRAM      000000
__LidataCOMMON                  idataCOMMON      000000
__Lidloc                        idloc            000000
__Linit                         init             0000E5
__Linittext                     inittext         000000
__Lintentry                     intentry         000004
__Lmaintext                     maintext         000000
__Lmaintext_split_1             maintext_split_1 000000
__Lpowerup                      powerup          000000
__Lram                          ram              000000
__Lreset_vec                    reset_vec        000000
__Lsfr0                         sfr0             000000
__Lsfr1                         sfr1             000000
__Lsfr10                        sfr10            000000
__Lsfr11                        sfr11            000000
__Lsfr12                        sfr12            000000
__Lsfr13                        sfr13            000000
__Lsfr14                        sfr14            000000
__Lsfr15                        sfr15            000000
__Lsfr16                        sfr16            000000
__Lsfr17                        sfr17            000000
__Lsfr18                        sfr18            000000
__Lsfr19                        sfr19            000000
__Lsfr2                         sfr2             000000
__Lsfr20                        sfr20            000000
__Lsfr21                        sfr21            000000
__Lsfr22                        sfr22            000000
__Lsfr23                        sfr23            000000
__Lsfr24                        sfr24            000000
__Lsfr25                        sfr25            000000
__Lsfr26                        sfr26            000000
__Lsfr27                        sfr27            000000
__Lsfr28                        sfr28            000000
__Lsfr29                        sfr29            000000
__Lsfr3                         sfr3             000000
__Lsfr30                        sfr30            000000
__Lsfr31                        sfr31            000000
__Lsfr4                         sfr4             000000
__Lsfr5                         sfr5             000000
__Lsfr6                         sfr6             000000
__Lsfr7                         sfr7             000000
__Lsfr8                         sfr8             000000
__Lsfr9                         sfr9             000000
__Lspace_0                      (abs)            000000
__Lspace_1                      (abs)            000000
__Lspace_2                      (abs)            000000
__Lspace_3                      (abs)            000000
__Lstack                        stack            000000
__Lstrings                      strings          000000
__Ltext                         text             000000
__S0                            (abs)            008009
__S1                            (abs)            00055A
__S2                            (abs)            000000
___aldiv                        text10           001636
___aldiv@counter                cstackBANK0      00002F
___aldiv@dividend               cstackBANK0      00002A
___aldiv@divisor                cstackBANK0      000026
___aldiv@quotient               cstackBANK0      000031
___aldiv@sign                   cstackBANK0      000030
___altoft                       text18           001271
___altoft@c                     cstackBANK0      000028
___altoft@exp                   cstackBANK0      00002E
___altoft@sign                  cstackBANK0      00002F
___awdiv                        text17           001458
___awdiv@counter                cstackBANK0      000025
___awdiv@dividend               cstackBANK0      000022
___awdiv@divisor                cstackBANK0      000020
___awdiv@quotient               cstackBANK0      000027
___awdiv@sign                   cstackBANK0      000026
___awtoft                       text5            000807
___awtoft@c                     cstackBANK0      000028
___awtoft@sign                  cstackBANK0      00002D
___ftadd                        text15           000679
___ftadd@exp1                   cstackBANK0      000034
___ftadd@exp2                   cstackBANK0      000033
___ftadd@f1                     cstackBANK0      000028
___ftadd@f2                     cstackBANK0      00002B
___ftadd@sign                   cstackBANK0      000032
___ftdiv                        text14           001757
___ftdiv@cntr                   cstackBANK0      00004F
___ftdiv@exp                    cstackBANK0      000053
___ftdiv@f1                     cstackBANK0      000048
___ftdiv@f2                     cstackBANK0      000045
___ftdiv@f3                     cstackBANK0      000050
___ftdiv@sign                   cstackBANK0      000054
___ftmul                        text13           000829
___ftmul@cntr                   cstackBANK0      000043
___ftmul@exp                    cstackBANK0      00003F
___ftmul@f1                     cstackBANK0      000035
___ftmul@f2                     cstackBANK0      000038
___ftmul@f3_as_product          cstackBANK0      000040
___ftmul@sign                   cstackBANK0      000044
___ftneg                        text12           001038
___ftneg@f1                     cstackBANK0      000020
___ftpack                       text19           001566
___ftpack@arg                   cstackBANK0      000020
___ftpack@exp                   cstackBANK0      000023
___ftpack@sign                  cstackBANK0      000024
___fttol                        text4            0016B8
___fttol@exp1                   cstackBANK1      0000A5
___fttol@f1                     cstackBANK0      000067
___fttol@lval                   cstackBANK1      0000A1
___fttol@sign1                  cstackBANK1      0000A0
___int_sp                       stack            000000
___latbits                      (abs)            000003
___lmul                         text2            001128
___lmul@multiplicand            cstackBANK0      000024
___lmul@multiplier              cstackBANK0      000020
___lmul@product                 cstackBANK0      000028
___sp                           stack            000000
___wmul                         text9            00109C
___wmul@multiplicand            cstackBANK0      000022
___wmul@multiplier              cstackBANK0      000020
___wmul@product                 cstackBANK0      000024
__end_of_ConfigureOscillator    text29           0007FE
__end_of_FLASH_EraseBlock       text27           0010F8
__end_of_FLASH_ReadWord         text28           0010D8
__end_of_FLASH_WriteBlock       text26           001636
__end_of_FLASH_WriteWord        text25           001372
__end_of_InitApp                text20           001128
__end_of___aldiv                text10           0016B8
__end_of___altoft               text18           0012AE
__end_of___awdiv                text17           0014AA
__end_of___awtoft               text5            000829
__end_of___ftadd                text15           00076F
__end_of___ftdiv                text14           001800
__end_of___ftmul                text13           0008DD
__end_of___ftneg                text12           001041
__end_of___ftpack               text19           0015CB
__end_of___fttol                text4            001757
__end_of___lmul                 text2            001158
__end_of___wmul                 text9            0010B8
__end_of__initialization        cinit            00019A
__end_of_adc_convert            text16           00109C
__end_of_init_adc               text24           00104B
__end_of_init_pwm               text21           00132D
__end_of_init_timer0            text23           000807
__end_of_init_timer2            text22           001038
__end_of_isr                    intentry         0000E5
__end_of_main                   maintext_split_1 000580
__end_of_map                    text11           0007FA
__end_of_modulation             text8            0012EC
__end_of_set_leds_bottom        text7            0013B8
__end_of_set_leds_top           text6            001566
__end_of_set_subdivision        text3            000679
__end_of_wait_ms                text1            001189
__end_ofi1_set_leds_top         text31           001503
__initialization                cinit            0000E7
__pbssBANK1                     bssBANK1         0000C5
__pbssBANK2                     bssBANK2         000120
__pbssBANK3                     bssBANK3         0001A0
__pbssBANK4                     bssBANK4         000220
__pbssCOMMON                    bssCOMMON        000079
__pcstackBANK0                  cstackBANK0      000020
__pcstackBANK1                  cstackBANK1      0000A0
__pcstackCOMMON                 cstackCOMMON     000070
__pdataBANK1                    dataBANK1        0000DF
__pdataBANK10                   dataBANK10       000520
__pdataBANK2                    dataBANK2        00015E
__pdataBANK5                    dataBANK5        0002A0
__pdataBANK6                    dataBANK6        000320
__pdataBANK7                    dataBANK7        0003A0
__pdataBANK8                    dataBANK8        000420
__pdataBANK9                    dataBANK9        0004A0
__pdataBIGRAM                   (abs)            002378
__pdataCOMMON                   dataCOMMON       00007B
__pidataBANK1                   idataBANK1       001073
__pidataBANK10                  idataBANK10      001189
__pidataBANK2                   idataBANK2       001063
__pidataBANK5                   idataBANK5       001237
__pidataBANK6                   idataBANK6       0011FD
__pidataBANK7                   idataBANK7       0011C3
__pidataBANK8                   idataBANK8       001408
__pidataBANK9                   idataBANK9       0013B8
__pidataBIGRAM                  idataBIGRAM      00019E
__pidataCOMMON                  idataCOMMON      0007FE
__pintentry                     intentry         000004
__pmaintext                     maintext         0008DD
__ptext1                        text1            001158
__ptext10                       text10           001636
__ptext11                       text11           00076F
__ptext12                       text12           001038
__ptext13                       text13           000829
__ptext14                       text14           001757
__ptext15                       text15           000679
__ptext16                       text16           001083
__ptext17                       text17           001458
__ptext18                       text18           001271
__ptext19                       text19           001566
__ptext2                        text2            001128
__ptext20                       text20           0010F8
__ptext21                       text21           0012EC
__ptext22                       text22           00102F
__ptext23                       text23           000800
__ptext24                       text24           001041
__ptext25                       text25           00132D
__ptext26                       text26           0015CB
__ptext27                       text27           0010D8
__ptext28                       text28           0010B8
__ptext29                       text29           0007FA
__ptext3                        text3            000580
__ptext31                       text31           0014AA
__ptext4                        text4            0016B8
__ptext5                        text5            000807
__ptext6                        text6            001503
__ptext7                        text7            001372
__ptext8                        text8            0012AE
__ptext9                        text9            00109C
__size_of_ConfigureOscillator   (abs)            000000
__size_of_FLASH_EraseBlock      (abs)            000000
__size_of_FLASH_ReadWord        (abs)            000000
__size_of_FLASH_WriteBlock      (abs)            000000
__size_of_FLASH_WriteWord       (abs)            000000
__size_of_InitApp               (abs)            000000
__size_of___aldiv               (abs)            000000
__size_of___altoft              (abs)            000000
__size_of___awdiv               (abs)            000000
__size_of___awtoft              (abs)            000000
__size_of___ftadd               (abs)            000000
__size_of___ftdiv               (abs)            000000
__size_of___ftmul               (abs)            000000
__size_of___ftneg               (abs)            000000
__size_of___ftpack              (abs)            000000
__size_of___fttol               (abs)            000000
__size_of___lmul                (abs)            000000
__size_of___wmul                (abs)            000000
__size_of_adc_convert           (abs)            000000
__size_of_init_adc              (abs)            000000
__size_of_init_pwm              (abs)            000000
__size_of_init_timer0           (abs)            000000
__size_of_init_timer2           (abs)            000000
__size_of_isr                   (abs)            000000
__size_of_main                  (abs)            000000
__size_of_map                   (abs)            000000
__size_of_modulation            (abs)            000000
__size_of_set_leds_bottom       (abs)            000000
__size_of_set_leds_top          (abs)            000000
__size_of_set_subdivision       (abs)            000000
__size_of_wait_ms               (abs)            000000
__size_ofi1_set_leds_top        (abs)            000000
_adc_convert                    text16           001083
_baseline_delay_time            dataBANK1        0000DF
_bottom_push_state              dataBANK1        0000E7
_bypass_state                   bssBANK1         0000D1
_debounce_bypass                bssBANK2         000152
_debounce_count                 bssBANK2         000154
_delay                          (abs)            002378
_delay_counter                  bssBANK2         000156
_delay_time                     dataBANK1        0000E3
_delay_time_changed             dataBANK2        000160
_delayfound                     bssBANK2         000158
_iB25k                          dataBANK9        0004A0
_iCnt                           bssBANK1         0000D3
_init_adc                       text24           001041
_init_pwm                       text21           0012EC
_init_timer0                    text23           000800
_init_timer2                    text22           00102F
_isr                            intentry         000004
_knob1_prev                     dataBANK1        0000E9
_knob2_prev                     dataBANK2        000164
_knob3_prev                     dataBANK2        000166
_knob4_prev                     dataBANK2        000168
_knob5_prev                     dataBANK2        00016A
_knob_1_pos                     bssBANK1         0000D5
_knob_2_pos                     bssBANK1         0000D7
_knob_3_pos                     bssBANK1         0000D9
_knob_4_pos                     bssBANK1         0000DB
_knob_5_pos                     bssCOMMON        000079
_main                           maintext         0008DD
_map                            text11           00076F
_map$1566                       cstackBANK0      000064
_mod2                           dataBANK5        0002A0
_mod3                           dataBANK6        000320
_mod4                           dataBANK7        0003A0
_mod5                           (abs)            002576
_mod_counter                    bssBANK1         0000DD
_mod_delay_time                 dataBANK2        00016C
_mod_timer                      bssBANK2         000134
_mod_value                      bssBANK2         00015A
_modulation                     text8            0012AE
_myBuf                          bssBANK4         000220
_num_taps                       dataBANK1        0000EB
_preset                         bssBANK2         00015C
_set_leds_bottom                text7            001372
_set_leds_top                   text6            001503
_set_subdivision                text3            000580
_sub_timer                      bssBANK1         0000C5
_tap                            bssBANK3         0001A0
_tap_history                    bssBANK2         000120
_tap_iteration                  dataBANK1        0000ED
_tap_timer                      bssBANK1         0000C9
_tap_total                      bssBANK2         000148
_timer                          bssBANK1         0000CD
_top_push_state                 dataCOMMON       00007B
_wait_ms                        text1            001158
adc_convert@channel             cstackBANK0      000023
btemp                           (abs)            00007E
clear_ram0                      clrtext          001057
end_of_initialization           cinit            00019A
i1_set_leds_top                 text31           0014AA
i1set_leds_top@ledState         cstackCOMMON     000072
i1set_leds_top@x                cstackCOMMON     000070
init_ram                        inittext         00104B
int$flags                       (abs)            00007E
intlevel0                       functab          000000
intlevel1                       functab          000000
intlevel2                       functab          000000
intlevel3                       functab          000000
intlevel4                       functab          000000
intlevel5                       functab          000000
ltemp                           (abs)            00007E
ltemp0                          (abs)            00007E
ltemp1                          (abs)            000082
ltemp2                          (abs)            000086
ltemp3                          (abs)            000080
main@adjusted_pot_value         cstackBANK1      0000BD
main@count                      cstackBANK1      0000C3
main@i                          cstackBANK1      0000B9
main@i_395                      cstackBANK1      0000BF
main@i_396                      cstackBANK1      0000C1
main@tapCntDivisor              cstackBANK1      0000BB
map@in_max                      cstackBANK0      00005B
map@in_min                      cstackBANK0      000058
map@out_max                     cstackBANK0      000061
map@out_min                     cstackBANK0      00005E
map@x                           cstackBANK0      000055
modulation@x                    cstackBANK0      000035
modulation@y                    cstackBANK0      000037
pnum$maintext                   (abs)            000021
pnum$maintext_split_1           (abs)            000041
psplit$0                        (abs)            210041
reset_vec                       reset_vec        000000
set_leds_bottom@x               cstackBANK0      000020
set_leds_top@ledState           cstackBANK0      000022
set_leds_top@x                  cstackBANK0      000020
set_subdivision@x               cstackBANK1      0000A6
set_subdivision@y               cstackBANK1      0000A8
stackhi                         (abs)            002377
stacklo                         (abs)            00235A
start                           init             0000E5
start_initialization            cinit            0000E7
ttemp                           (abs)            00007E
ttemp0                          (abs)            00007E
ttemp1                          (abs)            000081
ttemp2                          (abs)            000084
ttemp3                          (abs)            000087
ttemp4                          (abs)            00007F
wait_ms@time                    cstackBANK0      00002C
wait_ms@timel                   bssBANK2         00014C
wtemp                           (abs)            00007E
wtemp0                          (abs)            00007E
wtemp1                          (abs)            000080
wtemp2                          (abs)            000082
wtemp3                          (abs)            000084
wtemp4                          (abs)            000086
wtemp5                          (abs)            000088
wtemp6                          (abs)            00007F


FUNCTION INFORMATION:

 *************** function _main *****************
 Defined at:
		line 107 in file "main.c"
 Parameters:    Size  Location     Type
		None
 Auto vars:     Size  Location     Type
  tapCntDiviso    2   27[BANK1 ] int 
  adjusted_pot    2   29[BANK1 ] int 
  i               2   33[BANK1 ] int 
  i               2   31[BANK1 ] int 
  i               2   25[BANK1 ] int 
  count           2   35[BANK1 ] int 
 Return value:  Size  Location     Type
                  1    wreg      void 
 Registers used:
		wreg, fsr0l, fsr0h, fsr1l, fsr1h, status,2, status,0, pclath, cstack
 Tracked objects:
		On entry : 
		On exit  : 
		Unchanged: 
 Data sizes:     COMMON   BANK0   BANK1   BANK2   BANK3   BANK4   BANK5   BANK6   BANK7   BANK8   BANK9  BANK10  BANK11  BANK12  BANK13  BANK14  BANK15  BANK16  BANK17  BANK18
      Params:         0       0       0       0       0       0       0       0       0       0       0       0       0       0       0       0       0       0       0       0
      Locals:         0       0      12       0       0       0       0       0       0       0       0       0       0       0       0       0       0       0       0       0
      Temps:          0       0      15       0       0       0       0       0       0       0       0       0       0       0       0       0       0       0       0       0
      Totals:         0       0      27       0       0       0       0       0       0       0       0       0       0       0       0       0       0       0       0       0
Total ram usage:       27 bytes
 Hardware stack levels required when called:    5
 This function calls:
		_ConfigureOscillator
		_FLASH_ReadWord
		_FLASH_WriteWord
		_InitApp
		___aldiv
		___altoft
		___awdiv
		___awtoft
		___ftdiv
		___fttol
		_adc_convert
		_map
		_modulation
		_set_leds_bottom
		_set_leds_top
		_set_subdivision
		_wait_ms
 This function is called by:
		Startup code after reset
 This function uses a non-reentrant model


 *************** function _wait_ms *****************
 Defined at:
		line 23 in file "system.c"
 Parameters:    Size  Location     Type
  time            2   12[BANK0 ] unsigned int 
 Auto vars:     Size  Location     Type
		None
 Return value:  Size  Location     Type
                  1    wreg      void 
 Registers used:
		wreg, status,2, status,0, pclath, cstack
 Tracked objects:
		On entry : 
		On exit  : 
		Unchanged: 
 Data sizes:     COMMON   BANK0   BANK1   BANK2   BANK3   BANK4   BANK5   BANK6   BANK7   BANK8   BANK9  BANK10  BANK11  BANK12  BANK13  BANK14  BANK15  BANK16  BANK17  BANK18
      Params:         0       2       0       0       0       0       0       0       0       0       0       0       0       0       0       0       0       0       0       0
      Locals:         0       0       0       0       0       0       0       0       0       0       0       0       0       0       0       0       0       0       0       0
      Temps:          0       0       0       0       0       0       0       0       0       0       0       0       0       0       0       0       0       0       0       0
      Totals:         0       2       0       0       0       0       0       0       0       0       0       0       0       0       0       0       0       0       0       0
Total ram usage:        2 bytes
 Hardware stack levels used:    1
 Hardware stack levels required when called:    3
 This function calls:
		___lmul
 This function is called by:
		_main
 This function uses a non-reentrant model


 *************** function ___lmul *****************
 Defined at:
		line 15 in file "C:\Program Files (x86)\Microchip\xc8\v1.37\sources\common\Umul32.c"
 Parameters:    Size  Location     Type
  multiplier      4    0[BANK0 ] unsigned long 
  multiplicand    4    4[BANK0 ] unsigned long 
 Auto vars:     Size  Location     Type
  product         4    8[BANK0 ] unsigned long 
 Return value:  Size  Location     Type
                  4    0[BANK0 ] unsigned long 
 Registers used:
		wreg, status,2, status,0
 Tracked objects:
		On entry : 
		On exit  : 
		Unchanged: 
 Data sizes:     COMMON   BANK0   BANK1   BANK2   BANK3   BANK4   BANK5   BANK6   BANK7   BANK8   BANK9  BANK10  BANK11  BANK12  BANK13  BANK14  BANK15  BANK16  BANK17  BANK18
      Params:         0       8       0       0       0       0       0       0       0       0       0       0       0       0       0       0       0       0       0       0
      Locals:         0       4       0       0       0       0       0       0       0       0       0       0       0       0       0       0       0       0       0       0
      Temps:          0       0       0       0       0       0       0       0       0       0       0       0       0       0       0       0       0       0       0       0
      Totals:         0      12       0       0       0       0       0       0       0       0       0       0       0       0       0       0       0       0       0       0
Total ram usage:       12 bytes
 Hardware stack levels used:    1
 Hardware stack levels required when called:    2
 This function calls:
		Nothing
 This function is called by:
		_wait_ms
 This function uses a non-reentrant model


 *************** function _set_subdivision *****************
 Defined at:
		line 116 in file "user.c"
 Parameters:    Size  Location     Type
  x               2    6[BANK1 ] int 
  y               2    8[BANK1 ] int 
 Auto vars:     Size  Location     Type
		None
 Return value:  Size  Location     Type
                  2    6[BANK1 ] int 
 Registers used:
		wreg, fsr0l, fsr0h, status,2, status,0, pclath, cstack
 Tracked objects:
		On entry : 
		On exit  : 
		Unchanged: 
 Data sizes:     COMMON   BANK0   BANK1   BANK2   BANK3   BANK4   BANK5   BANK6   BANK7   BANK8   BANK9  BANK10  BANK11  BANK12  BANK13  BANK14  BANK15  BANK16  BANK17  BANK18
      Params:         0       0       4       0       0       0       0       0       0       0       0       0       0       0       0       0       0       0       0       0
      Locals:         0       0       0       0       0       0       0       0       0       0       0       0       0       0       0       0       0       0       0       0
      Temps:          0       0       0       0       0       0       0       0       0       0       0       0       0       0       0       0       0       0       0       0
      Totals:         0       0       4       0       0       0       0       0       0       0       0       0       0       0       0       0       0       0       0       0
Total ram usage:        4 bytes
 Hardware stack levels used:    1
 Hardware stack levels required when called:    4
 This function calls:
		___awtoft
		___ftmul
		___fttol
 This function is called by:
		_main
 This function uses a non-reentrant model


 *************** function ___fttol *****************
 Defined at:
		line 44 in file "C:\Program Files (x86)\Microchip\xc8\v1.37\sources\common\fttol.c"
 Parameters:    Size  Location     Type
  f1              3   71[BANK0 ] float 
 Auto vars:     Size  Location     Type
  lval            4    1[BANK1 ] unsigned long 
  exp1            1    5[BANK1 ] unsigned char 
  sign1           1    0[BANK1 ] unsigned char 
 Return value:  Size  Location     Type
                  4   71[BANK0 ] long 
 Registers used:
		wreg, status,2, status,0
 Tracked objects:
		On entry : 
		On exit  : 
		Unchanged: 
 Data sizes:     COMMON   BANK0   BANK1   BANK2   BANK3   BANK4   BANK5   BANK6   BANK7   BANK8   BANK9  BANK10  BANK11  BANK12  BANK13  BANK14  BANK15  BANK16  BANK17  BANK18
      Params:         0       4       0       0       0       0       0       0       0       0       0       0       0       0       0       0       0       0       0       0
      Locals:         0       0       6       0       0       0       0       0       0       0       0       0       0       0       0       0       0       0       0       0
      Temps:          0       4       0       0       0       0       0       0       0       0       0       0       0       0       0       0       0       0       0       0
      Totals:         0       8       6       0       0       0       0       0       0       0       0       0       0       0       0       0       0       0       0       0
Total ram usage:       14 bytes
 Hardware stack levels used:    1
 Hardware stack levels required when called:    2
 This function calls:
		Nothing
 This function is called by:
		_main
		_set_subdivision
 This function uses a non-reentrant model


 *************** function ___awtoft *****************
 Defined at:
		line 32 in file "C:\Program Files (x86)\Microchip\xc8\v1.37\sources\common\awtoft.c"
 Parameters:    Size  Location     Type
  c               2    8[BANK0 ] int 
 Auto vars:     Size  Location     Type
  sign            1   13[BANK0 ] unsigned char 
 Return value:  Size  Location     Type
                  3    8[BANK0 ] float 
 Registers used:
		wreg, status,2, status,0, pclath, cstack
 Tracked objects:
		On entry : 
		On exit  : 
		Unchanged: 
 Data sizes:     COMMON   BANK0   BANK1   BANK2   BANK3   BANK4   BANK5   BANK6   BANK7   BANK8   BANK9  BANK10  BANK11  BANK12  BANK13  BANK14  BANK15  BANK16  BANK17  BANK18
      Params:         0       3       0       0       0       0       0       0       0       0       0       0       0       0       0       0       0       0       0       0
      Locals:         0       1       0       0       0       0       0       0       0       0       0       0       0       0       0       0       0       0       0       0
      Temps:          0       2       0       0       0       0       0       0       0       0       0       0       0       0       0       0       0       0       0       0
      Totals:         0       6       0       0       0       0       0       0       0       0       0       0       0       0       0       0       0       0       0       0
Total ram usage:        6 bytes
 Hardware stack levels used:    1
 Hardware stack levels required when called:    3
 This function calls:
		___ftpack
 This function is called by:
		_main
		_set_subdivision
 This function uses a non-reentrant model


 *************** function _set_leds_top *****************
 Defined at:
		line 142 in file "user.c"
 Parameters:    Size  Location     Type
  x               2    0[BANK0 ] int 
  ledState        2    2[BANK0 ] int 
 Auto vars:     Size  Location     Type
		None
 Return value:  Size  Location     Type
                  1    wreg      void 
 Registers used:
		wreg, fsr0l, fsr0h, status,2, status,0
 Tracked objects:
		On entry : 
		On exit  : 
		Unchanged: 
 Data sizes:     COMMON   BANK0   BANK1   BANK2   BANK3   BANK4   BANK5   BANK6   BANK7   BANK8   BANK9  BANK10  BANK11  BANK12  BANK13  BANK14  BANK15  BANK16  BANK17  BANK18
      Params:         0       4       0       0       0       0       0       0       0       0       0       0       0       0       0       0       0       0       0       0
      Locals:         0       0       0       0       0       0       0       0       0       0       0       0       0       0       0       0       0       0       0       0
      Temps:          0       0       0       0       0       0       0       0       0       0       0       0       0       0       0       0       0       0       0       0
      Totals:         0       4       0       0       0       0       0       0       0       0       0       0       0       0       0       0       0       0       0       0
Total ram usage:        4 bytes
 Hardware stack levels used:    1
 Hardware stack levels required when called:    2
 This function calls:
		Nothing
 This function is called by:
		_main
 This function uses a non-reentrant model


 *************** function _set_leds_bottom *****************
 Defined at:
		line 69 in file "user.c"
 Parameters:    Size  Location     Type
  x               2    0[BANK0 ] int 
 Auto vars:     Size  Location     Type
		None
 Return value:  Size  Location     Type
                  1    wreg      void 
 Registers used:
		wreg, fsr0l, fsr0h, status,2, status,0
 Tracked objects:
		On entry : 
		On exit  : 
		Unchanged: 
 Data sizes:     COMMON   BANK0   BANK1   BANK2   BANK3   BANK4   BANK5   BANK6   BANK7   BANK8   BANK9  BANK10  BANK11  BANK12  BANK13  BANK14  BANK15  BANK16  BANK17  BANK18
      Params:         0       2       0       0       0       0       0       0       0       0       0       0       0       0       0       0       0       0       0       0
      Locals:         0       0       0       0       0       0       0       0       0       0       0       0       0       0       0       0       0       0       0       0
      Temps:          0       0       0       0       0       0       0       0       0       0       0       0       0       0       0       0       0       0       0       0
      Totals:         0       2       0       0       0       0       0       0       0       0       0       0       0       0       0       0       0       0       0       0
Total ram usage:        2 bytes
 Hardware stack levels used:    1
 Hardware stack levels required when called:    2
 This function calls:
		Nothing
 This function is called by:
		_main
 This function uses a non-reentrant model


 *************** function _modulation *****************
 Defined at:
		line 255 in file "user.c"
 Parameters:    Size  Location     Type
  x               2   21[BANK0 ] int 
  y               2   23[BANK0 ] int 
 Auto vars:     Size  Location     Type
		None
 Return value:  Size  Location     Type
                  2   21[BANK0 ] int 
 Registers used:
		wreg, status,2, status,0, pclath, cstack
 Tracked objects:
		On entry : 
		On exit  : 
		Unchanged: 
 Data sizes:     COMMON   BANK0   BANK1   BANK2   BANK3   BANK4   BANK5   BANK6   BANK7   BANK8   BANK9  BANK10  BANK11  BANK12  BANK13  BANK14  BANK15  BANK16  BANK17  BANK18
      Params:         0       4       0       0       0       0       0       0       0       0       0       0       0       0       0       0       0       0       0       0
      Locals:         0       0       0       0       0       0       0       0       0       0       0       0       0       0       0       0       0       0       0       0
      Temps:          0       8       0       0       0       0       0       0       0       0       0       0       0       0       0       0       0       0       0       0
      Totals:         0      12       0       0       0       0       0       0       0       0       0       0       0       0       0       0       0       0       0       0
Total ram usage:       12 bytes
 Hardware stack levels used:    1
 Hardware stack levels required when called:    3
 This function calls:
		___aldiv
		___wmul
 This function is called by:
		_main
 This function uses a non-reentrant model


 *************** function ___wmul *****************
 Defined at:
		line 15 in file "C:\Program Files (x86)\Microchip\xc8\v1.37\sources\common\Umul16.c"
 Parameters:    Size  Location     Type
  multiplier      2    0[BANK0 ] unsigned int 
  multiplicand    2    2[BANK0 ] unsigned int 
 Auto vars:     Size  Location     Type
  product         2    4[BANK0 ] unsigned int 
 Return value:  Size  Location     Type
                  2    0[BANK0 ] unsigned int 
 Registers used:
		wreg, status,2, status,0
 Tracked objects:
		On entry : 
		On exit  : 
		Unchanged: 
 Data sizes:     COMMON   BANK0   BANK1   BANK2   BANK3   BANK4   BANK5   BANK6   BANK7   BANK8   BANK9  BANK10  BANK11  BANK12  BANK13  BANK14  BANK15  BANK16  BANK17  BANK18
[...]
      Totals:         0       0       0       0       0       0       0       0       0       0       0       0       0       0       0       0       0       0       0       0
Total ram usage:        0 bytes
 Hardware stack levels used:    1
 Hardware stack levels required when called:    3
 This function calls:
		_init_timer0
		_init_timer2
 This function is called by:
		_InitApp
 This function uses a non-reentrant model


 *************** function _init_timer2 *****************
 Defined at:
		line 236 in file "user.c"
 Parameters:    Size  Location     Type
		None
 Auto vars:     Size  Location     Type
		None
 Return value:  Size  Location     Type
                  1    wreg      void 
 Registers used:
		wreg, status,2, status,0
 Tracked objects:
		On entry : 
		On exit  : 
		Unchanged: 
 Data sizes:     COMMON   BANK0   BANK1   BANK2   BANK3   BANK4   BANK5   BANK6   BANK7   BANK8   BANK9  BANK10  BANK11  BANK12  BANK13  BANK14  BANK15  BANK16  BANK17  BANK18
      Params:         0       0       0       0       0       0       0       0       0       0       0       0       0       0       0       0       0       0       0       0
      Locals:         0       0       0       0       0       0       0       0       0       0       0       0       0       0       0       0       0       0       0       0
      Temps:          0       0       0       0       0       0       0       0       0       0       0       0       0       0       0       0       0       0       0       0
      Totals:         0       0       0       0       0       0       0       0       0       0       0       0       0       0       0       0       0       0       0       0
Total ram usage:        0 bytes
 Hardware stack levels used:    1
 Hardware stack levels required when called:    2
 This function calls:
		Nothing
 This function is called by:
		_init_pwm
 This function uses a non-reentrant model


 *************** function _init_timer0 *****************
 Defined at:
		line 243 in file "user.c"
 Parameters:    Size  Location     Type
		None
 Auto vars:     Size  Location     Type
		None
 Return value:  Size  Location     Type
                  1    wreg      void 
 Registers used:
		None
 Tracked objects:
		On entry : 
		On exit  : 
		Unchanged: 
 Data sizes:     COMMON   BANK0   BANK1   BANK2   BANK3   BANK4   BANK5   BANK6   BANK7   BANK8   BANK9  BANK10  BANK11  BANK12  BANK13  BANK14  BANK15  BANK16  BANK17  BANK18
      Params:         0       0       0       0       0       0       0       0       0       0       0       0       0       0       0       0       0       0       0       0
      Locals:         0       0       0       0       0       0       0       0       0       0       0       0       0       0       0       0       0       0       0       0
      Temps:          0       0       0       0       0       0       0       0       0       0       0       0       0       0       0       0       0       0       0       0
      Totals:         0       0       0       0       0       0       0       0       0       0       0       0       0       0       0       0       0       0       0       0
Total ram usage:        0 bytes
 Hardware stack levels used:    1
 Hardware stack levels required when called:    2
 This function calls:
		Nothing
 This function is called by:
		_init_pwm
 This function uses a non-reentrant model


 *************** function _init_adc *****************
 Defined at:
		line 189 in file "user.c"
 Parameters:    Size  Location     Type
		None
 Auto vars:     Size  Location     Type
		None
 Return value:  Size  Location     Type
                  1    wreg      void 
 Registers used:
		wreg, status,2, status,0
 Tracked objects:
		On entry : 
		On exit  : 
		Unchanged: 
 Data sizes:     COMMON   BANK0   BANK1   BANK2   BANK3   BANK4   BANK5   BANK6   BANK7   BANK8   BANK9  BANK10  BANK11  BANK12  BANK13  BANK14  BANK15  BANK16  BANK17  BANK18
      Params:         0       0       0       0       0       0       0       0       0       0       0       0       0       0       0       0       0       0       0       0
      Locals:         0       0       0       0       0       0       0       0       0       0       0       0       0       0       0       0       0       0       0       0
      Temps:          0       0       0       0       0       0       0       0       0       0       0       0       0       0       0       0       0       0       0       0
      Totals:         0       0       0       0       0       0       0       0       0       0       0       0       0       0       0       0       0       0       0       0
Total ram usage:        0 bytes
 Hardware stack levels used:    1
 Hardware stack levels required when called:    2
 This function calls:
		Nothing
 This function is called by:
		_InitApp
 This function uses a non-reentrant model


 *************** function _FLASH_WriteWord *****************
 Defined at:
		line 74 in file "memory.c"
 Parameters:    Size  Location     Type
  flashAddr       2   13[BANK0 ] unsigned int 
  ramBuf          1   15[BANK0 ] PTR unsigned int 
		 -> myBuf(64), 
  word            2   16[BANK0 ] unsigned int 
 Auto vars:     Size  Location     Type
  blockStartAd    2   20[BANK0 ] unsigned int 
  i               1   22[BANK0 ] unsigned char 
  offset          1   19[BANK0 ] unsigned char 
 Return value:  Size  Location     Type
                  1    wreg      void 
 Registers used:
		wreg, fsr1l, fsr1h, status,2, status,0, pclath, cstack
 Tracked objects:
		On entry : 
		On exit  : 
		Unchanged: 
 Data sizes:     COMMON   BANK0   BANK1   BANK2   BANK3   BANK4   BANK5   BANK6   BANK7   BANK8   BANK9  BANK10  BANK11  BANK12  BANK13  BANK14  BANK15  BANK16  BANK17  BANK18
      Params:         0       5       0       0       0       0       0       0       0       0       0       0       0       0       0       0       0       0       0       0
      Locals:         0       4       0       0       0       0       0       0       0       0       0       0       0       0       0       0       0       0       0       0
      Temps:          0       1       0       0       0       0       0       0       0       0       0       0       0       0       0       0       0       0       0       0
      Totals:         0      10       0       0       0       0       0       0       0       0       0       0       0       0       0       0       0       0       0       0
Total ram usage:       10 bytes
 Hardware stack levels used:    1
 Hardware stack levels required when called:    4
 This function calls:
		_FLASH_ReadWord
		_FLASH_WriteBlock
 This function is called by:
		_main
 This function uses a non-reentrant model


 *************** function _FLASH_WriteBlock *****************
 Defined at:
		line 91 in file "memory.c"
 Parameters:    Size  Location     Type
  writeAddr       2    3[BANK0 ] unsigned int 
  flashWordArr    1    5[BANK0 ] PTR unsigned int 
		 -> myBuf(64), 
 Auto vars:     Size  Location     Type
  blockStartAd    2    9[BANK0 ] unsigned int 
  i               1   12[BANK0 ] unsigned char 
  GIEBitValue     1   11[BANK0 ] unsigned char 
 Return value:  Size  Location     Type
                  1    wreg      char 
 Registers used:
		wreg, fsr1l, fsr1h, status,2, status,0, pclath, cstack
 Tracked objects:
		On entry : 
		On exit  : 
		Unchanged: 
 Data sizes:     COMMON   BANK0   BANK1   BANK2   BANK3   BANK4   BANK5   BANK6   BANK7   BANK8   BANK9  BANK10  BANK11  BANK12  BANK13  BANK14  BANK15  BANK16  BANK17  BANK18
      Params:         0       3       0       0       0       0       0       0       0       0       0       0       0       0       0       0       0       0       0       0
      Locals:         0       4       0       0       0       0       0       0       0       0       0       0       0       0       0       0       0       0       0       0
      Temps:          0       3       0       0       0       0       0       0       0       0       0       0       0       0       0       0       0       0       0       0
      Totals:         0      10       0       0       0       0       0       0       0       0       0       0       0       0       0       0       0       0       0       0
Total ram usage:       10 bytes
 Hardware stack levels used:    1
 Hardware stack levels required when called:    3
 This function calls:
		_FLASH_EraseBlock
 This function is called by:
		_FLASH_WriteWord
 This function uses a non-reentrant model


 *************** function _FLASH_EraseBlock *****************
 Defined at:
		line 141 in file "memory.c"
 Parameters:    Size  Location     Type
  startAddr       2    0[BANK0 ] unsigned int 
 Auto vars:     Size  Location     Type
  GIEBitValue     1    2[BANK0 ] unsigned char 
 Return value:  Size  Location     Type
                  1    wreg      void 
 Registers used:
		wreg, status,2, status,0
 Tracked objects:
		On entry : 
		On exit  : 
		Unchanged: 
 Data sizes:     COMMON   BANK0   BANK1   BANK2   BANK3   BANK4   BANK5   BANK6   BANK7   BANK8   BANK9  BANK10  BANK11  BANK12  BANK13  BANK14  BANK15  BANK16  BANK17  BANK18
      Params:         0       2       0       0       0       0       0       0       0       0       0       0       0       0       0       0       0       0       0       0
      Locals:         0       1       0       0       0       0       0       0       0       0       0       0       0       0       0       0       0       0       0       0
      Temps:          0       0       0       0       0       0       0       0       0       0       0       0       0       0       0       0       0       0       0       0
      Totals:         0       3       0       0       0       0       0       0       0       0       0       0       0       0       0       0       0       0       0       0
Total ram usage:        3 bytes
 Hardware stack levels used:    1
 Hardware stack levels required when called:    2
 This function calls:
		Nothing
 This function is called by:
		_FLASH_WriteBlock
 This function uses a non-reentrant model


 *************** function _FLASH_ReadWord *****************
 Defined at:
		line 58 in file "memory.c"
 Parameters:    Size  Location     Type
  flashAddr       2    0[BANK0 ] unsigned int 
 Auto vars:     Size  Location     Type
  GIEBitValue     1    2[BANK0 ] unsigned char 
 Return value:  Size  Location     Type
                  2    0[BANK0 ] unsigned int 
 Registers used:
		wreg, status,2, status,0
 Tracked objects:
		On entry : 
		On exit  : 
		Unchanged: 
 Data sizes:     COMMON   BANK0   BANK1   BANK2   BANK3   BANK4   BANK5   BANK6   BANK7   BANK8   BANK9  BANK10  BANK11  BANK12  BANK13  BANK14  BANK15  BANK16  BANK17  BANK18
      Params:         0       2       0       0       0       0       0       0       0       0       0       0       0       0       0       0       0       0       0       0
      Locals:         0       1       0       0       0       0       0       0       0       0       0       0       0       0       0       0       0       0       0       0
      Temps:          0       0       0       0       0       0       0       0       0       0       0       0       0       0       0       0       0       0       0       0
      Totals:         0       3       0       0       0       0       0       0       0       0       0       0       0       0       0       0       0       0       0       0
Total ram usage:        3 bytes
 Hardware stack levels used:    1
 Hardware stack levels required when called:    2
 This function calls:
		Nothing
 This function is called by:
		_main
		_FLASH_WriteWord
 This function uses a non-reentrant model


 *************** function _ConfigureOscillator *****************
 Defined at:
		line 18 in file "system.c"
 Parameters:    Size  Location     Type
		None
 Auto vars:     Size  Location     Type
		None
 Return value:  Size  Location     Type
                  1    wreg      void 
 Registers used:
		wreg, status,2, status,0
 Tracked objects:
		On entry : 
		On exit  : 
		Unchanged: 
 Data sizes:     COMMON   BANK0   BANK1   BANK2   BANK3   BANK4   BANK5   BANK6   BANK7   BANK8   BANK9  BANK10  BANK11  BANK12  BANK13  BANK14  BANK15  BANK16  BANK17  BANK18
      Params:         0       0       0       0       0       0       0       0       0       0       0       0       0       0       0       0       0       0       0       0
      Locals:         0       0       0       0       0       0       0       0       0       0       0       0       0       0       0       0       0       0       0       0
      Temps:          0       0       0       0       0       0       0       0       0       0       0       0       0       0       0       0       0       0       0       0
      Totals:         0       0       0       0       0       0       0       0       0       0       0       0       0       0       0       0       0       0       0       0
Total ram usage:        0 bytes
 Hardware stack levels used:    1
 Hardware stack levels required when called:    2
 This function calls:
		Nothing
 This function is called by:
		_main
 This function uses a non-reentrant model


 *************** function _isr *****************
 Defined at:
		line 22 in file "interrupts.c"
 Parameters:    Size  Location     Type
		None
 Auto vars:     Size  Location     Type
		None
 Return value:  Size  Location     Type
                  1    wreg      void 
 Registers used:
		wreg, fsr0l, fsr0h, status,2, status,0, pclath, cstack
 Tracked objects:
		On entry : 
		On exit  : 
		Unchanged: 
 Data sizes:     COMMON   BANK0   BANK1   BANK2   BANK3   BANK4   BANK5   BANK6   BANK7   BANK8   BANK9  BANK10  BANK11  BANK12  BANK13  BANK14  BANK15  BANK16  BANK17  BANK18
      Params:         0       0       0       0       0       0       0       0       0       0       0       0       0       0       0       0       0       0       0       0
      Locals:         0       0       0       0       0       0       0       0       0       0       0       0       0       0       0       0       0       0       0       0
      Temps:          5       0       0       0       0       0       0       0       0       0       0       0       0       0       0       0       0       0       0       0
      Totals:         5       0       0       0       0       0       0       0       0       0       0       0       0       0       0       0       0       0       0       0
Total ram usage:        5 bytes
 Hardware stack levels used:    1
 Hardware stack levels required when called:    1
 This function calls:
		i1_set_leds_top
 This function is called by:
		Interrupt level 1
 This function uses a non-reentrant model


 *************** function i1_set_leds_top *****************
 Defined at:
		line 142 in file "user.c"
 Parameters:    Size  Location     Type
  x               2    0[COMMON] int 
  ledState        2    2[COMMON] int 
 Auto vars:     Size  Location     Type
		None
 Return value:  Size  Location     Type
                  1    wreg      void 
 Registers used:
		wreg, fsr0l, fsr0h, status,2, status,0
 Tracked objects:
		On entry : 
		On exit  : 
		Unchanged: 
 Data sizes:     COMMON   BANK0   BANK1   BANK2   BANK3   BANK4   BANK5   BANK6   BANK7   BANK8   BANK9  BANK10  BANK11  BANK12  BANK13  BANK14  BANK15  BANK16  BANK17  BANK18
      Params:         4       0       0       0       0       0       0       0       0       0       0       0       0       0       0       0       0       0       0       0
      Locals:         0       0       0       0       0       0       0       0       0       0       0       0       0       0       0       0       0       0       0       0
      Temps:          0       0       0       0       0       0       0       0       0       0       0       0       0       0       0       0       0       0       0       0
      Totals:         4       0       0       0       0       0       0       0       0       0       0       0       0       0       0       0       0       0       0       0
Total ram usage:        4 bytes
 Hardware stack levels used:    1
 This function calls:
		Nothing
 This function is called by:
		_isr
 This function uses a non-reentrant model



MODULE INFORMATION

Module		Function		Class		Link	Load	Size
C:\Program Files (x86)\Microchip\xc8\v1.37\sources\common\altoft.c
		___altoft      		CODE           	1271	0000	62

C:\Program Files (x86)\Microchip\xc8\v1.37\sources\common\altoft.c estimated size: 62

C:\Program Files (x86)\Microchip\xc8\v1.37\sources\common\ftdiv.c
		___ftdiv       		CODE           	1757	0000	170

C:\Program Files (x86)\Microchip\xc8\v1.37\sources\common\ftdiv.c estimated size: 170

interrupts.c
		_isr           		CODE           	0004	0000	226

interrupts.c estimated size: 226

C:\Program Files (x86)\Microchip\xc8\v1.37\sources\common\fttol.c
		___fttol       		CODE           	16B8	0000	160

C:\Program Files (x86)\Microchip\xc8\v1.37\sources\common\fttol.c estimated size: 160

C:\Program Files (x86)\Microchip\xc8\v1.37\sources\common\Umul16.c
		___wmul        		CODE           	109C	0000	29

C:\Program Files (x86)\Microchip\xc8\v1.37\sources\common\Umul16.c estimated size: 29

C:\Program Files (x86)\Microchip\xc8\v1.37\sources\common\awdiv.c
		___awdiv       		CODE           	1458	0000	83

C:\Program Files (x86)\Microchip\xc8\v1.37\sources\common\awdiv.c estimated size: 83

C:\Program Files (x86)\Microchip\xc8\v1.37\sources\common\ftadd.c
		___ftadd       		CODE           	0679	0000	247

C:\Program Files (x86)\Microchip\xc8\v1.37\sources\common\ftadd.c estimated size: 247

C:\Program Files (x86)\Microchip\xc8\v1.37\sources\common\aldiv.c
		___aldiv       		CODE           	1636	0000	131

C:\Program Files (x86)\Microchip\xc8\v1.37\sources\common\aldiv.c estimated size: 131

C:\Program Files (x86)\Microchip\xc8\v1.37\sources\common\Umul32.c
		___lmul        		CODE           	1128	0000	49

C:\Program Files (x86)\Microchip\xc8\v1.37\sources\common\Umul32.c estimated size: 49

C:\Program Files (x86)\Microchip\xc8\v1.37\sources\common\ftneg.c
		___ftneg       		CODE           	1038	0000	10

C:\Program Files (x86)\Microchip\xc8\v1.37\sources\common\ftneg.c estimated size: 10

shared
		__initialization		CODE           	00E7	0000	180
		i1_set_leds_top		CODE           	14AA	0000	90

shared estimated size: 270

C:\Program Files (x86)\Microchip\xc8\v1.37\sources\common\awtoft.c
		___awtoft      		CODE           	0807	0000	35

C:\Program Files (x86)\Microchip\xc8\v1.37\sources\common\awtoft.c estimated size: 35

user.c
		_map           		CODE           	076F	0000	140
		_set_leds_bottom		CODE           	1372	0000	71
		_InitApp       		CODE           	10F8	0000	49
		_init_timer0   		CODE           	0800	0000	8
		_init_timer2   		CODE           	102F	0000	10
		_init_adc      		CODE           	1041	0000	11
		_adc_convert   		CODE           	1083	0000	26
		_set_subdivision		CODE           	0580	0000	250
		_modulation    		CODE           	12AE	0000	63
		_init_pwm      		CODE           	12EC	0000	66
		_set_leds_top  		CODE           	1503	0000	100

user.c estimated size: 794

C:\Program Files (x86)\Microchip\xc8\v1.37\sources\common\float.c
		___ftpack      		CODE           	1566	0000	102

C:\Program Files (x86)\Microchip\xc8\v1.37\sources\common\float.c estimated size: 102

main.c
		_main          		CODE           	08DD	0000	2190

main.c estimated size: 2190

memory.c
		_FLASH_EraseBlock		CODE           	10D8	0000	33
		_FLASH_ReadWord		CODE           	10B8	0000	33
		_FLASH_WriteBlock		CODE           	15CB	0000	108
		_FLASH_WriteWord		CODE           	132D	0000	70

memory.c estimated size: 244

system.c
		_ConfigureOscillator		CODE           	07FA	0000	5
		_wait_ms       		CODE           	1158	0000	50

system.c estimated size: 55

C:\Program Files (x86)\Microchip\xc8\v1.37\sources\common\ftmul.c
		___ftmul       		CODE           	0829	0000	181

C:\Program Files (x86)\Microchip\xc8\v1.37\sources\common\ftmul.c estimated size: 181

